Component: ARM Compiler 5.06 update 6 (build 750) Tool: armlink [4d35ed]

==============================================================================

Section Cross References

    app.o(.emb_text) refers to app.o(.data) for curr_task
    app.o(.emb_text) refers to app.o(.bss) for PSP_array
    app.o(.emb_text) refers to app.o(i.SVC_Handler_main) for SVC_Handler_main
    app.o(i.Find_Smallest) refers to app.o(.bss) for lex
    app.o(i.OS_Task_Init) refers to app.o(i.Task_Init) for Task_Init
    app.o(i.OS_Task_Init) refers to app.o(i.__NVIC_SetPriority) for __NVIC_SetPriority
    app.o(i.OS_Task_Init) refers to app.o(.data) for curr_task
    app.o(i.OS_Task_Init) refers to app.o(.bss) for PSP_array
    app.o(i.SVC_Handler_main) refers to app.o(i.OS_Task_Init) for OS_Task_Init
    app.o(i.SVC_Handler_main) refers to noretval__2printf.o(.text) for __2printf
    app.o(i.SysTick_Handler) refers to _printf_percent.o(.ARM.Collect$$_printf_percent$$00000000) for _printf_percent
    app.o(i.SysTick_Handler) refers to _printf_d.o(.ARM.Collect$$_printf_percent$$00000009) for _printf_d
    app.o(i.SysTick_Handler) refers to _printf_dec.o(.text) for _printf_int_dec
    app.o(i.SysTick_Handler) refers to app.o(i.scheduler) for scheduler
    app.o(i.SysTick_Handler) refers to app.o(.emb_text) for context
    app.o(i.SysTick_Handler) refers to noretval__2printf.o(.text) for __2printf
    app.o(i.SysTick_Handler) refers to app.o(.data) for systick_count
    app.o(i.SysTick_Handler) refers to app.o(.bss) for STATE
    app.o(i.Task_Init) refers to app.o(i.initializeValues) for initializeValues
    app.o(i.Task_Init) refers to app.o(.bss) for task0_stack
    app.o(i.Task_Init) refers to app.o(i.task0) for task0
    app.o(i.Task_Init) refers to app.o(i.task1) for task1
    app.o(i.Task_Init) refers to app.o(i.task2) for task2
    app.o(i.Update_Arrival) refers to app.o(.bss) for STATE
    app.o(i.initializeValues) refers to app.o(.bss) for STATE
    app.o(i.scheduler) refers to app.o(i.Update_Arrival) for Update_Arrival
    app.o(i.scheduler) refers to noretval__2printf.o(.text) for __2printf
    app.o(i.scheduler) refers to app.o(i.Find_Smallest) for Find_Smallest
    app.o(i.scheduler) refers to app.o(.bss) for STATE
    app.o(i.scheduler) refers to app.o(.data) for systick_count
    app.o(i.task0) refers to app.o(.data) for task0_cnt
    app.o(i.task1) refers to app.o(.data) for task1_cnt
    app.o(i.task2) refers to app.o(.data) for task2_cnt
    retarget_io.o(i.ITM_ReceiveChar) refers to retarget_io.o(.data) for ITM_RxBuffer
    retarget_io.o(i._sys_open) refers to strcmpv7m.o(.text) for strcmp
    retarget_io.o(i._sys_read) refers to retarget_io.o(i.stdin_getchar) for stdin_getchar
    retarget_io.o(i._sys_write) refers to retarget_io.o(i.stdout_putchar) for stdout_putchar
    retarget_io.o(i._sys_write) refers to retarget_io.o(i.stderr_putchar) for stderr_putchar
    retarget_io.o(i.stderr_putchar) refers to retarget_io.o(i.ITM_SendChar) for ITM_SendChar
    retarget_io.o(i.stdin_getchar) refers to retarget_io.o(i.ITM_ReceiveChar) for ITM_ReceiveChar
    retarget_io.o(i.stdout_putchar) refers to retarget_io.o(i.ITM_SendChar) for ITM_SendChar
    startup_stm32f479xx.o(STACK) refers (Special) to heapauxi.o(.text) for __use_two_region_memory
    startup_stm32f479xx.o(HEAP) refers (Special) to heapauxi.o(.text) for __use_two_region_memory
    startup_stm32f479xx.o(RESET) refers (Special) to heapauxi.o(.text) for __use_two_region_memory
    startup_stm32f479xx.o(RESET) refers to startup_stm32f479xx.o(STACK) for __initial_sp
    startup_stm32f479xx.o(RESET) refers to startup_stm32f479xx.o(.text) for Reset_Handler
    startup_stm32f479xx.o(RESET) refers to app.o(.emb_text) for SVC_Handler
    startup_stm32f479xx.o(RESET) refers to app.o(i.SysTick_Handler) for SysTick_Handler
    startup_stm32f479xx.o(.text) refers (Special) to heapauxi.o(.text) for __use_two_region_memory
    startup_stm32f479xx.o(.text) refers to system_stm32f4xx.o(i.SystemInit) for SystemInit
    startup_stm32f479xx.o(.text) refers to __main.o(!!!main) for __main
    startup_stm32f479xx.o(.text) refers to startup_stm32f479xx.o(HEAP) for Heap_Mem
    startup_stm32f479xx.o(.text) refers to startup_stm32f479xx.o(STACK) for Stack_Mem
    system_stm32f4xx.o(i.SystemCoreClockUpdate) refers to system_stm32f4xx.o(.data) for SystemCoreClock
    system_stm32f4xx.o(i.SystemCoreClockUpdate) refers to system_stm32f4xx.o(.constdata) for AHBPrescTable
    __2printf.o(.text) refers to _printf_char_file.o(.text) for _printf_char_file
    __2printf.o(.text) refers to stdio_streams.o(.bss) for __stdout
    noretval__2printf.o(.text) refers to _printf_char_file.o(.text) for _printf_char_file
    noretval__2printf.o(.text) refers to stdio_streams.o(.bss) for __stdout
    __printf.o(.text) refers to _printf_percent.o(.ARM.Collect$$_printf_percent$$00000000) for _printf_percent
[...]
    rtexit.o(.ARM.exidx) refers to rtexit.o(.ARM.Collect$$rtexit$$00000000) for .ARM.Collect$$rtexit$$00000000
    rt_raise.o(.text) refers to __raise.o(.text) for __raise
    rt_raise.o(.text) refers to sys_exit.o(.text) for _sys_exit
    rt_heap_descriptor.o(.text) refers to rt_heap_descriptor.o(.bss) for __rt_heap_descriptor_data
    rt_heap_descriptor_intlibspace.o(.text) refers to libspace.o(.bss) for __libspace_start
    init_alloc.o(.text) refers (Special) to hguard.o(.text) for __heap$guard
    init_alloc.o(.text) refers (Special) to libinit2.o(.ARM.Collect$$libinit$$00000005) for __rt_lib_init_heap_2
    init_alloc.o(.text) refers (Special) to maybetermalloc1.o(.emb_text) for _maybe_terminate_alloc
    init_alloc.o(.text) refers to h1_extend.o(.text) for __Heap_ProvideMemory
    init_alloc.o(.text) refers to defsig_rtmem_outer.o(.text) for __rt_SIGRTMEM
    init_alloc.o(.text) refers to rt_heap_descriptor_intlibspace.o(.text) for __rt_heap_descriptor
    init_alloc.o(.text) refers to h1_init.o(.text) for __Heap_Initialize
    malloc.o(.text) refers (Special) to hguard.o(.text) for __heap$guard
    malloc.o(.text) refers (Special) to init_alloc.o(.text) for _init_alloc
    malloc.o(.text) refers to rt_heap_descriptor_intlibspace.o(.text) for __rt_heap_descriptor
    malloc.o(.text) refers to heapstubs.o(.text) for __Heap_Alloc
    h1_alloc.o(.text) refers (Special) to h1_init.o(.text) for __Heap_Initialize
    h1_alloc.o(.text) refers to rt_heap_descriptor_intlibspace.o(.text) for __rt_heap_descriptor
    h1_alloc.o(.text) refers to init_alloc.o(.text) for __Heap_Full
    h1_alloc_mt.o(.text) refers (Special) to h1_init.o(.text) for __Heap_Initialize
    h1_alloc_mt.o(.text) refers to init_alloc.o(.text) for __Heap_Full
    h1_alloc_mt.o(.text) refers to rt_heap_descriptor_intlibspace.o(.text) for __rt_heap_descriptor
    _printf_char_file_locked.o(.text) refers to _printf_char_common.o(.text) for _printf_char_common
    _printf_char_file_locked.o(.text) refers to fputc.o(i._fputc$unlocked) for _fputc$unlocked
    fseek.o(.text) refers to retarget_io.o(i._sys_istty) for _sys_istty
    fseek.o(.text) refers to ftell.o(.text) for _ftell_internal
    fseek.o(.text) refers to retarget_io.o(i._sys_flen) for _sys_flen
    fseek.o(.text) refers to stdio.o(.text) for _seterr
    stdio.o(.text) refers to retarget_io.o(i._sys_seek) for _sys_seek
    stdio.o(.text) refers to retarget_io.o(i._sys_write) for _sys_write
    fwritefast.o(.text) refers to stdio.o(.text) for _writebuf
    fwritefast.o(.text) refers to flsbuf.o(.text) for __flsbuf_byte
    fwritefast.o(.text) refers to rt_memcpy_v6.o(.text) for __aeabi_memcpy
    fwritefast_locked.o(.text) refers to stdio.o(.text) for _writebuf
    fwritefast_locked.o(.text) refers to flsbuf.o(.text) for __flsbuf_byte
    fwritefast_locked.o(.text) refers to rt_memcpy_v6.o(.text) for __aeabi_memcpy
    defsig_exit.o(.text) refers to sys_exit.o(.text) for _sys_exit
    defsig_rtred_inner.o(.text) refers to defsig_general.o(.text) for __default_signal_display
    assert_stdio.o(.text) refers to fputs.o(.text) for fputs
    assert_stdio.o(.text) refers to fflush.o(.text) for fflush
    assert_stdio.o(.text) refers to stdio_streams.o(.bss) for __stderr
    argv_veneer.o(.emb_text) refers to no_argv.o(.text) for __ARM_get_argv
    sys_exit.o(.text) refers (Special) to use_no_semi.o(.text) for __I$use$semihosting
    sys_exit.o(.text) refers (Special) to indicate_semi.o(.text) for __semihosting_library_function
    rtexit2.o(.ARM.Collect$$rtexit$$00000003) refers to libshutdown.o(.ARM.Collect$$libshutdown$$00000000) for __rt_lib_shutdown
    rtexit2.o(.ARM.Collect$$rtexit$$00000004) refers to sys_exit.o(.text) for _sys_exit
    rtexit2.o(.ARM.exidx) refers to rtexit2.o(.ARM.Collect$$rtexit$$00000001) for .ARM.Collect$$rtexit$$00000001
    rtexit2.o(.ARM.exidx) refers to rtexit2.o(.ARM.Collect$$rtexit$$00000003) for .ARM.Collect$$rtexit$$00000003
    rtexit2.o(.ARM.exidx) refers to rtexit2.o(.ARM.Collect$$rtexit$$00000004) for .ARM.Collect$$rtexit$$00000004
    maybetermalloc2.o(.emb_text) refers (Special) to term_alloc.o(.text) for _terminate_alloc
    h1_extend.o(.text) refers to h1_free.o(.text) for free
    h1_init_mt.o(.text) refers to mutex_dummy.o(.text) for _mutex_initialize
    h1_extend_mt.o(.text) refers to h1_free_mt.o(.text) for _free_internal
    fflush.o(.text) refers to stdio.o(.text) for _fflush
    fflush.o(.text) refers to fseek.o(.text) for _fseek
    fflush.o(.text) refers to stdio_streams.o(.bss) for __stdin
    fputs.o(.text) refers to fputc.o(i.fputc) for fputc
    ftell.o(.text) refers to rt_errno_addr_intlibspace.o(.text) for __aeabi_errno_addr
    fflush_locked.o(.text) refers to stdio.o(.text) for _fflush
    fflush_locked.o(.text) refers to fseek.o(.text) for _fseek
    fflush_locked.o(.text) refers to fflush.o(.text) for _do_fflush
    fflush_locked.o(.text) refers to streamlock.o(.data) for _stream_list_lock
    fflush_locked.o(.text) refers to stdio_streams.o(.bss) for __stdin
    __raise.o(.text) refers to defsig.o(CL$$defsig) for __default_signal_handler
    defsig_general.o(.text) refers to sys_wrch.o(.text) for _ttywrch
    defsig_rtmem_outer.o(.text) refers to defsig_rtmem_inner.o(.text) for __rt_SIGRTMEM_inner
    defsig_rtmem_outer.o(.text) refers to defsig_exit.o(.text) for __sig_exit
    defsig_rtmem_formal.o(.text) refers to rt_raise.o(.text) for __rt_raise
    rt_memcpy_v6.o(.text) refers to rt_memcpy_w.o(.text) for __aeabi_memcpy4
    heapauxa.o(.text) refers to heapauxa.o(.data) for .data
    _get_argv.o(.text) refers (Special) to hrguard.o(.text) for __heap_region$guard
    _get_argv.o(.text) refers to h1_alloc.o(.text) for malloc
    _get_argv.o(.text) refers to defsig_rtmem_outer.o(.text) for __rt_SIGRTMEM
    _get_argv.o(.text) refers to sys_command.o(.text) for _sys_command_string
    _get_argv_nomalloc.o(.text) refers (Special) to hrguard.o(.text) for __heap_region$guard
    _get_argv_nomalloc.o(.text) refers to defsig_rtmem_outer.o(.text) for __rt_SIGRTMEM
    _get_argv_nomalloc.o(.text) refers to sys_command.o(.text) for _sys_command_string
    sys_wrch.o(.text) refers (Special) to use_no_semi.o(.text) for __I$use$semihosting
    sys_wrch.o(.text) refers (Special) to indicate_semi.o(.text) for __semihosting_library_function
    sys_command.o(.text) refers (Special) to use_no_semi.o(.text) for __I$use$semihosting
    sys_command.o(.text) refers (Special) to indicate_semi.o(.text) for __semihosting_library_function
    rt_errno_addr.o(.text) refers to rt_errno_addr.o(.bss) for __aeabi_errno_addr_data
    rt_errno_addr_intlibspace.o(.text) refers to libspace.o(.bss) for __libspace_start
    term_alloc.o(.text) refers (Special) to libshutdown2.o(.ARM.Collect$$libshutdown$$0000000E) for __rt_lib_shutdown_heap_2
    term_alloc.o(.text) refers to rt_heap_descriptor_intlibspace.o(.text) for __rt_heap_descriptor
    term_alloc.o(.text) refers to h1_final.o(.text) for __Heap_Finalize
    defsig_rtmem_inner.o(.text) refers to defsig_general.o(.text) for __default_signal_display
    defsig.o(CL$$defsig) refers to defsig_rtred_inner.o(.text) for __rt_SIGRTRED_inner
    defsig.o(CL$$defsig) refers to defsig_rtmem_inner.o(.text) for __rt_SIGRTMEM_inner
    libshutdown.o(.ARM.Collect$$libshutdown$$00000000) refers (Special) to libshutdown2.o(.ARM.Collect$$libshutdown$$00000002) for __rt_lib_shutdown_cpp_1
    libshutdown.o(.ARM.Collect$$libshutdown$$00000000) refers (Special) to libshutdown2.o(.ARM.Collect$$libshutdown$$00000007) for __rt_lib_shutdown_fp_trap_1
    libshutdown.o(.ARM.Collect$$libshutdown$$00000000) refers (Special) to libshutdown2.o(.ARM.Collect$$libshutdown$$0000000F) for __rt_lib_shutdown_heap_1
    libshutdown.o(.ARM.Collect$$libshutdown$$00000000) refers (Special) to libshutdown2.o(.ARM.Collect$$libshutdown$$00000010) for __rt_lib_shutdown_return
    libshutdown.o(.ARM.Collect$$libshutdown$$00000000) refers (Special) to libshutdown2.o(.ARM.Collect$$libshutdown$$0000000A) for __rt_lib_shutdown_signal_1
    libshutdown.o(.ARM.Collect$$libshutdown$$00000000) refers (Special) to libshutdown2.o(.ARM.Collect$$libshutdown$$00000004) for __rt_lib_shutdown_stdio_1
    libshutdown.o(.ARM.Collect$$libshutdown$$00000000) refers (Special) to libshutdown2.o(.ARM.Collect$$libshutdown$$0000000C) for __rt_lib_shutdown_user_alloc_1
    defsig_abrt_inner.o(.text) refers to defsig_general.o(.text) for __default_signal_display
    defsig_fpe_inner.o(.text) refers to defsig_general.o(.text) for __default_signal_display
    defsig_stak_inner.o(.text) refers to defsig_general.o(.text) for __default_signal_display
    defsig_pvfn_inner.o(.text) refers to defsig_general.o(.text) for __default_signal_display
    defsig_cppl_inner.o(.text) refers to defsig_general.o(.text) for __default_signal_display
    defsig_segv_inner.o(.text) refers to defsig_general.o(.text) for __default_signal_display
    defsig_other.o(.text) refers to defsig_general.o(.text) for __default_signal_display


==============================================================================

Removing Unused input sections from the image.

    Removing app.o(.rev16_text), (4 bytes).
    Removing app.o(.revsh_text), (4 bytes).
    Removing app.o(.rrx_text), (6 bytes).
    Removing app_main.o(.rev16_text), (4 bytes).
    Removing app_main.o(.revsh_text), (4 bytes).
    Removing app_main.o(.rrx_text), (6 bytes).
    Removing retarget_io.o(i.ITM_ReceiveChar), (36 bytes).
    Removing retarget_io.o(i._sys_read), (76 bytes).
    Removing retarget_io.o(i.stdin_getchar), (16 bytes).
    Removing retarget_io.o(.data), (4 bytes).
    Removing system_stm32f4xx.o(.rev16_text), (4 bytes).
    Removing system_stm32f4xx.o(.revsh_text), (4 bytes).
    Removing system_stm32f4xx.o(.rrx_text), (6 bytes).
    Removing system_stm32f4xx.o(i.SystemCoreClockUpdate), (192 bytes).
    Removing system_stm32f4xx.o(.constdata), (24 bytes).
    Removing system_stm32f4xx.o(.data), (4 bytes).

16 unused section(s) (total 394 bytes) removed from the image.

==============================================================================

Image Symbol Table

    Local Symbols

    Symbol Name                              Value     Ov Type        Size  Object(Section)

    ../clib/angel/boardlib.s                 0x00000000   Number         0  boardinit1.o ABSOLUTE
    ../clib/angel/boardlib.s                 0x00000000   Number         0  boardinit3.o ABSOLUTE
    ../clib/angel/boardlib.s                 0x00000000   Number         0  boardinit2.o ABSOLUTE
    ../clib/angel/boardlib.s                 0x00000000   Number         0  boardshut.o ABSOLUTE
    ../clib/angel/handlers.s                 0x00000000   Number         0  __scatter_zi.o ABSOLUTE
    ../clib/angel/handlers.s                 0x00000000   Number         0  __scatter_copy.o ABSOLUTE
    ../clib/angel/kernel.s                   0x00000000   Number         0  rtexit.o ABSOLUTE
    ../clib/angel/kernel.s                   0x00000000   Number         0  __rtentry2.o ABSOLUTE
    ../clib/angel/kernel.s                   0x00000000   Number         0  rtexit2.o ABSOLUTE
    ../clib/angel/kernel.s                   0x00000000   Number         0  __rtentry.o ABSOLUTE
    ../clib/angel/kernel.s                   0x00000000   Number         0  __rtentry4.o ABSOLUTE
    ../clib/angel/rt.s                       0x00000000   Number         0  rt_heap_descriptor.o ABSOLUTE
    ../clib/angel/rt.s                       0x00000000   Number         0  rt_raise.o ABSOLUTE
    ../clib/angel/rt.s                       0x00000000   Number         0  rt_errno_addr_intlibspace.o ABSOLUTE
    ../clib/angel/rt.s                       0x00000000   Number         0  rt_errno_addr.o ABSOLUTE
    ../clib/angel/rt.s                       0x00000000   Number         0  rt_heap_descriptor_intlibspace.o ABSOLUTE
    ../clib/angel/scatter.s                  0x00000000   Number         0  __scatter.o ABSOLUTE
    ../clib/angel/startup.s                  0x00000000   Number         0  __main.o ABSOLUTE
    ../clib/angel/sys.s                      0x00000000   Number         0  libspace.o ABSOLUTE
    ../clib/angel/sys.s                      0x00000000   Number         0  mutex_dummy.o ABSOLUTE
    ../clib/angel/sys.s                      0x00000000   Number         0  sys_stackheap_outer.o ABSOLUTE
    ../clib/angel/sys.s                      0x00000000   Number         0  indicate_semi.o ABSOLUTE
    ../clib/angel/sys.s                      0x00000000   Number         0  use_no_semi.o ABSOLUTE
    ../clib/angel/sysapp.c                   0x00000000   Number         0  sys_command.o ABSOLUTE
    ../clib/angel/sysapp.c                   0x00000000   Number         0  sys_wrch.o ABSOLUTE
    ../clib/angel/sysapp.c                   0x00000000   Number         0  sys_exit.o ABSOLUTE
    ../clib/armsys.c                         0x00000000   Number         0  _get_argv.o ABSOLUTE
    ../clib/armsys.c                         0x00000000   Number         0  argv_veneer.o ABSOLUTE
    ../clib/armsys.c                         0x00000000   Number         0  argv_veneer.o ABSOLUTE
    ../clib/armsys.c                         0x00000000   Number         0  no_argv.o ABSOLUTE
    ../clib/armsys.c                         0x00000000   Number         0  _get_argv_nomalloc.o ABSOLUTE
    ../clib/assert.c                         0x00000000   Number         0  assert_stdio.o ABSOLUTE
    ../clib/heap1.c                          0x00000000   Number         0  h1_alloc.o ABSOLUTE
    ../clib/heap1.c                          0x00000000   Number         0  h1_extend_mt.o ABSOLUTE
    ../clib/heap1.c                          0x00000000   Number         0  h1_final.o ABSOLUTE
    ../clib/heap1.c                          0x00000000   Number         0  h1_free.o ABSOLUTE
    ../clib/heap1.c                          0x00000000   Number         0  h1_alloc_mt.o ABSOLUTE
    ../clib/heap1.c                          0x00000000   Number         0  h1_free_mt.o ABSOLUTE
    ../clib/heap1.c                          0x00000000   Number         0  h1_final_mt.o ABSOLUTE
    ../clib/heap1.c                          0x00000000   Number         0  h1_init.o ABSOLUTE
    ../clib/heap1.c                          0x00000000   Number         0  h1_extend.o ABSOLUTE
    ../clib/heap1.c                          0x00000000   Number         0  h1_init_mt.o ABSOLUTE
    ../clib/heap2.c                          0x00000000   Number         0  heap2.o ABSOLUTE
    ../clib/heap2.c                          0x00000000   Number         0  heap2mt.o ABSOLUTE
    ../clib/heap2.c                          0x00000000   Number         0  fdtree.o ABSOLUTE
    ../clib/heapalloc.c                      0x00000000   Number         0  maybetermalloc1.o ABSOLUTE
    ../clib/heapalloc.c                      0x00000000   Number         0  heapstubs.o ABSOLUTE
    ../clib/heapalloc.c                      0x00000000   Number         0  maybetermalloc1.o ABSOLUTE
    ../clib/heapalloc.c                      0x00000000   Number         0  free.o ABSOLUTE
    ../clib/heapalloc.c                      0x00000000   Number         0  maybetermalloc2.o ABSOLUTE
    ../clib/heapalloc.c                      0x00000000   Number         0  malloc.o ABSOLUTE
    ../clib/heapalloc.c                      0x00000000   Number         0  maybetermalloc2.o ABSOLUTE
    ../clib/heapalloc.c                      0x00000000   Number         0  init_alloc.o ABSOLUTE
    ../clib/heapalloc.c                      0x00000000   Number         0  term_alloc.o ABSOLUTE
    ../clib/heapalloc.c                      0x00000000   Number         0  hguard.o ABSOLUTE
    ../clib/heapalloc.c                      0x00000000   Number         0  hrguard.o ABSOLUTE
    ../clib/heapaux.c                        0x00000000   Number         0  heapauxi.o ABSOLUTE
    ../clib/heapaux.c                        0x00000000   Number         0  heapauxa.o ABSOLUTE
    ../clib/libinit.s                        0x00000000   Number         0  libshutdown2.o ABSOLUTE
    ../clib/libinit.s                        0x00000000   Number         0  libinit2.o ABSOLUTE
    ../clib/libinit.s                        0x00000000   Number         0  libinit.o ABSOLUTE
    ../clib/libinit.s                        0x00000000   Number         0  libshutdown.o ABSOLUTE
    ../clib/memcpset.s                       0x00000000   Number         0  strcmpv7m.o ABSOLUTE
    ../clib/memcpset.s                       0x00000000   Number         0  rt_memclr_w.o ABSOLUTE
    ../clib/memcpset.s                       0x00000000   Number         0  rt_memcpy_w.o ABSOLUTE
    ../clib/memcpset.s                       0x00000000   Number         0  rt_memcpy_v6.o ABSOLUTE
    ../clib/printf.c                         0x00000000   Number         0  _printf_dec.o ABSOLUTE
    ../clib/printf.c                         0x00000000   Number         0  __printf_ss.o ABSOLUTE
    ../clib/printf.c                         0x00000000   Number         0  __printf_flags.o ABSOLUTE
    ../clib/printf.c                         0x00000000   Number         0  _printf_char_file.o ABSOLUTE
    ../clib/printf.c                         0x00000000   Number         0  __printf.o ABSOLUTE
    ../clib/printf.c                         0x00000000   Number         0  noretval__2printf.o ABSOLUTE
    ../clib/printf.c                         0x00000000   Number         0  __printf_nopercent.o ABSOLUTE
    ../clib/printf.c                         0x00000000   Number         0  __2printf.o ABSOLUTE
    ../clib/printf.c                         0x00000000   Number         0  _printf_char_common.o ABSOLUTE
    ../clib/printf.c                         0x00000000   Number         0  _printf_intcommon.o ABSOLUTE
    ../clib/printf.c                         0x00000000   Number         0  __printf_flags_ss_wp.o ABSOLUTE
    ../clib/printf.c                         0x00000000   Number         0  __printf_ss_wp.o ABSOLUTE
    ../clib/printf.c                         0x00000000   Number         0  __printf_flags_wp.o ABSOLUTE
    ../clib/printf.c                         0x00000000   Number         0  _printf_char_file_locked.o ABSOLUTE
    ../clib/printf.c                         0x00000000   Number         0  __printf_wp.o ABSOLUTE
    ../clib/printf.c                         0x00000000   Number         0  __printf_flags_ss.o ABSOLUTE
    ../clib/printf_percent.s                 0x00000000   Number         0  _printf_percent.o ABSOLUTE
    ../clib/printf_percent.s                 0x00000000   Number         0  _printf_d.o ABSOLUTE
    ../clib/printf_percent.s                 0x00000000   Number         0  _printf_percent_end.o ABSOLUTE
    ../clib/signal.c                         0x00000000   Number         0  defsig_rtmem_formal.o ABSOLUTE
    ../clib/signal.c                         0x00000000   Number         0  defsig_rtmem_outer.o ABSOLUTE
    ../clib/signal.c                         0x00000000   Number         0  defsig_general.o ABSOLUTE
    ../clib/signal.c                         0x00000000   Number         0  __raise.o ABSOLUTE
    ../clib/signal.c                         0x00000000   Number         0  defsig_fpe_inner.o ABSOLUTE
    ../clib/signal.c                         0x00000000   Number         0  defsig_stak_inner.o ABSOLUTE
    ../clib/signal.c                         0x00000000   Number         0  defsig_pvfn_inner.o ABSOLUTE
    ../clib/signal.c                         0x00000000   Number         0  defsig_abrt_inner.o ABSOLUTE
    ../clib/signal.c                         0x00000000   Number         0  defsig_cppl_inner.o ABSOLUTE
    ../clib/signal.c                         0x00000000   Number         0  defsig_segv_inner.o ABSOLUTE
    ../clib/signal.c                         0x00000000   Number         0  defsig_rtred_inner.o ABSOLUTE
    ../clib/signal.c                         0x00000000   Number         0  defsig_rtmem_inner.o ABSOLUTE
    ../clib/signal.c                         0x00000000   Number         0  defsig_exit.o ABSOLUTE
    ../clib/signal.c                         0x00000000   Number         0  defsig_other.o ABSOLUTE
    ../clib/signal.c                         0x00000000   Number         0  defsig_rtred_formal.o ABSOLUTE
    ../clib/signal.c                         0x00000000   Number         0  defsig_rtred_outer.o ABSOLUTE
    ../clib/signal.s                         0x00000000   Number         0  defsig.o ABSOLUTE
    ../clib/stdio.c                          0x00000000   Number         0  fputs_locked.o ABSOLUTE
    ../clib/stdio.c                          0x00000000   Number         0  fflush_locked.o ABSOLUTE
    ../clib/stdio.c                          0x00000000   Number         0  stdio_streams.o ABSOLUTE
    ../clib/stdio.c                          0x00000000   Number         0  ferror.o ABSOLUTE
    ../clib/stdio.c                          0x00000000   Number         0  fputc.o ABSOLUTE
    ../clib/stdio.c                          0x00000000   Number         0  initio.o ABSOLUTE
    ../clib/stdio.c                          0x00000000   Number         0  ferror_locked.o ABSOLUTE
    ../clib/stdio.c                          0x00000000   Number         0  initio_locked.o ABSOLUTE
    ../clib/stdio.c                          0x00000000   Number         0  flsbuf.o ABSOLUTE
    ../clib/stdio.c                          0x00000000   Number         0  setvbuf.o ABSOLUTE
    ../clib/stdio.c                          0x00000000   Number         0  streamlock.o ABSOLUTE
    ../clib/stdio.c                          0x00000000   Number         0  fopen.o ABSOLUTE
    ../clib/stdio.c                          0x00000000   Number         0  fclose.o ABSOLUTE
    ../clib/stdio.c                          0x00000000   Number         0  setvbuf_locked.o ABSOLUTE
    ../clib/stdio.c                          0x00000000   Number         0  fopen_locked.o ABSOLUTE
    ../clib/stdio.c                          0x00000000   Number         0  fputc_locked.o ABSOLUTE
    ../clib/stdio.c                          0x00000000   Number         0  fseek.o ABSOLUTE
    ../clib/stdio.c                          0x00000000   Number         0  stdio.o ABSOLUTE
    ../clib/stdio.c                          0x00000000   Number         0  fwritefast.o ABSOLUTE
    ../clib/stdio.c                          0x00000000   Number         0  fwritefast_locked.o ABSOLUTE
    ../clib/stdio.c                          0x00000000   Number         0  fflush.o ABSOLUTE
    ../clib/stdio.c                          0x00000000   Number         0  fputs.o ABSOLUTE
    ../clib/stdio.c                          0x00000000   Number         0  ftell.o ABSOLUTE
    ../clib/stdlib.c                         0x00000000   Number         0  exit.o ABSOLUTE
    ../clib/wchar.c                          0x00000000   Number         0  flsbuf_fwide.o ABSOLUTE
    ../fplib/fpinit.s                        0x00000000   Number         0  fpinit.o ABSOLUTE
    C:\Users\ASG\AppData\Local\Arm\Packs\Keil\ARM_Compiler\1.6.2\Source\retarget_io.c 0x00000000   Number         0  retarget_io.o ABSOLUTE
    RTE\Device\STM32F479IGHx\startup_stm32f479xx.s 0x00000000   Number         0  startup_stm32f479xx.o ABSOLUTE
    RTE\Device\STM32F479IGHx\system_stm32f4xx.c 0x00000000   Number         0  system_stm32f4xx.o ABSOLUTE
    RTE\\Device\\STM32F479IGHx\\system_stm32f4xx.c 0x00000000   Number         0  system_stm32f4xx.o ABSOLUTE
    app.c                                    0x00000000   Number         0  app.o ABSOLUTE
    app.c                                    0x00000000   Number         0  app.o ABSOLUTE
    app_main.c                               0x00000000   Number         0  app_main.o ABSOLUTE
    app_main.c                               0x00000000   Number         0  app_main.o ABSOLUTE
    dc.s                                     0x00000000   Number         0  dc.o ABSOLUTE
    RESET                                    0x08000000   Section      436  startup_stm32f479xx.o(RESET)
    !!!main                                  0x080001b4   Section        8  __main.o(!!!main)
    !!!scatter                               0x080001bc   Section       52  __scatter.o(!!!scatter)
    !!handler_copy                           0x080001f0   Section       26  __scatter_copy.o(!!handler_copy)
    !!handler_zi                             0x0800020c   Section       28  __scatter_zi.o(!!handler_zi)
    .ARM.Collect$$_printf_percent$$00000000  0x08000228   Section        0  _printf_percent.o(.ARM.Collect$$_printf_percent$$00000000)
    .ARM.Collect$$_printf_percent$$00000009  0x08000228   Section        6  _printf_d.o(.ARM.Collect$$_printf_percent$$00000009)
    .ARM.Collect$$_printf_percent$$00000017  0x0800022e   Section        4  _printf_percent_end.o(.ARM.Collect$$_printf_percent$$00000017)
    .ARM.Collect$$libinit$$00000000          0x08000232   Section        2  libinit.o(.ARM.Collect$$libinit$$00000000)
    .ARM.Collect$$libinit$$00000001          0x08000234   Section        4  libinit2.o(.ARM.Collect$$libinit$$00000001)
    .ARM.Collect$$libinit$$00000004          0x08000238   Section        0  libinit2.o(.ARM.Collect$$libinit$$00000004)
    .ARM.Collect$$libinit$$00000005          0x08000238   Section        8  libinit2.o(.ARM.Collect$$libinit$$00000005)
    .ARM.Collect$$libinit$$0000000A          0x08000240   Section        0  libinit2.o(.ARM.Collect$$libinit$$0000000A)
    .ARM.Collect$$libinit$$0000000C          0x08000240   Section        0  libinit2.o(.ARM.Collect$$libinit$$0000000C)
    .ARM.Collect$$libinit$$0000000E          0x08000240   Section        0  libinit2.o(.ARM.Collect$$libinit$$0000000E)
    .ARM.Collect$$libinit$$00000011          0x08000240   Section        0  libinit2.o(.ARM.Collect$$libinit$$00000011)
    .ARM.Collect$$libinit$$00000013          0x08000240   Section        0  libinit2.o(.ARM.Collect$$libinit$$00000013)
    .ARM.Collect$$libinit$$00000015          0x08000240   Section        0  libinit2.o(.ARM.Collect$$libinit$$00000015)
    .ARM.Collect$$libinit$$00000017          0x08000240   Section        0  libinit2.o(.ARM.Collect$$libinit$$00000017)
    .ARM.Collect$$libinit$$00000019          0x08000240   Section        0  libinit2.o(.ARM.Collect$$libinit$$00000019)
    .ARM.Collect$$libinit$$0000001B          0x08000240   Section        0  libinit2.o(.ARM.Collect$$libinit$$0000001B)
    .ARM.Collect$$libinit$$0000001D          0x08000240   Section        0  libinit2.o(.ARM.Collect$$libinit$$0000001D)
    .ARM.Collect$$libinit$$0000001F          0x08000240   Section        0  libinit2.o(.ARM.Collect$$libinit$$0000001F)
    .ARM.Collect$$libinit$$00000021          0x08000240   Section        0  libinit2.o(.ARM.Collect$$libinit$$00000021)
    .ARM.Collect$$libinit$$00000023          0x08000240   Section        0  libinit2.o(.ARM.Collect$$libinit$$00000023)
    .ARM.Collect$$libinit$$00000024          0x08000240   Section        4  libinit2.o(.ARM.Collect$$libinit$$00000024)
    .ARM.Collect$$libinit$$00000025          0x08000244   Section        0  libinit2.o(.ARM.Collect$$libinit$$00000025)
    .ARM.Collect$$libinit$$0000002C          0x08000244   Section        0  libinit2.o(.ARM.Collect$$libinit$$0000002C)
    .ARM.Collect$$libinit$$0000002E          0x08000244   Section        0  libinit2.o(.ARM.Collect$$libinit$$0000002E)
    .ARM.Collect$$libinit$$00000030          0x08000244   Section        0  libinit2.o(.ARM.Collect$$libinit$$00000030)
    .ARM.Collect$$libinit$$00000032          0x08000244   Section        0  libinit2.o(.ARM.Collect$$libinit$$00000032)
    .ARM.Collect$$libinit$$00000033          0x08000244   Section        2  libinit2.o(.ARM.Collect$$libinit$$00000033)
    .ARM.Collect$$libshutdown$$00000000      0x08000246   Section        2  libshutdown.o(.ARM.Collect$$libshutdown$$00000000)
    .ARM.Collect$$libshutdown$$00000002      0x08000248   Section        0  libshutdown2.o(.ARM.Collect$$libshutdown$$00000002)
    .ARM.Collect$$libshutdown$$00000003      0x08000248   Section        4  libshutdown2.o(.ARM.Collect$$libshutdown$$00000003)
    .ARM.Collect$$libshutdown$$00000004      0x0800024c   Section        0  libshutdown2.o(.ARM.Collect$$libshutdown$$00000004)
    .ARM.Collect$$libshutdown$$00000007      0x0800024c   Section        0  libshutdown2.o(.ARM.Collect$$libshutdown$$00000007)
    .ARM.Collect$$libshutdown$$0000000A      0x0800024c   Section        0  libshutdown2.o(.ARM.Collect$$libshutdown$$0000000A)
    .ARM.Collect$$libshutdown$$0000000C      0x0800024c   Section        0  libshutdown2.o(.ARM.Collect$$libshutdown$$0000000C)
    .ARM.Collect$$libshutdown$$0000000F      0x0800024c   Section        0  libshutdown2.o(.ARM.Collect$$libshutdown$$0000000F)
    .ARM.Collect$$libshutdown$$00000010      0x0800024c   Section        2  libshutdown2.o(.ARM.Collect$$libshutdown$$00000010)
    .ARM.Collect$$rtentry$$00000000          0x0800024e   Section        0  __rtentry.o(.ARM.Collect$$rtentry$$00000000)
    .ARM.Collect$$rtentry$$00000002          0x0800024e   Section        0  __rtentry2.o(.ARM.Collect$$rtentry$$00000002)
    .ARM.Collect$$rtentry$$00000004          0x0800024e   Section        6  __rtentry4.o(.ARM.Collect$$rtentry$$00000004)
    .ARM.Collect$$rtentry$$00000009          0x08000254   Section        0  __rtentry2.o(.ARM.Collect$$rtentry$$00000009)
    .ARM.Collect$$rtentry$$0000000A          0x08000254   Section        4  __rtentry2.o(.ARM.Collect$$rtentry$$0000000A)
    .ARM.Collect$$rtentry$$0000000C          0x08000258   Section        0  __rtentry2.o(.ARM.Collect$$rtentry$$0000000C)
    .ARM.Collect$$rtentry$$0000000D          0x08000258   Section        8  __rtentry2.o(.ARM.Collect$$rtentry$$0000000D)
    .ARM.Collect$$rtexit$$00000000           0x08000260   Section        2  rtexit.o(.ARM.Collect$$rtexit$$00000000)
    .ARM.Collect$$rtexit$$00000002           0x08000262   Section        0  rtexit2.o(.ARM.Collect$$rtexit$$00000002)
    .ARM.Collect$$rtexit$$00000003           0x08000262   Section        4  rtexit2.o(.ARM.Collect$$rtexit$$00000003)
    .ARM.Collect$$rtexit$$00000004           0x08000266   Section        6  rtexit2.o(.ARM.Collect$$rtexit$$00000004)
    .emb_text                                0x0800026c   Section      104  app.o(.emb_text)
    $v0                                      0x0800026c   Number         0  app.o(.emb_text)
    .emb_text                                0x080002d4   Section        0  maybetermalloc1.o(.emb_text)
    .text                                    0x080002d4   Section       64  startup_stm32f479xx.o(.text)
    $v0                                      0x080002d4   Number         0  startup_stm32f479xx.o(.text)
    .text                                    0x08000314   Section        0  noretval__2printf.o(.text)
    .text                                    0x0800032c   Section        0  __printf.o(.text)
    .text                                    0x08000394   Section        0  _printf_dec.o(.text)
    .text                                    0x0800040c   Section      128  strcmpv7m.o(.text)
    .text                                    0x0800048c   Section        0  heapauxi.o(.text)
    .text                                    0x08000492   Section        0  _printf_intcommon.o(.text)
    .text                                    0x08000544   Section        0  _printf_char_file.o(.text)
    .text                                    0x08000568   Section        0  _printf_char_common.o(.text)
    _printf_input_char                       0x08000569   Thumb Code    10  _printf_char_common.o(.text)
    .text                                    0x08000598   Section        0  ferror.o(.text)
    .text                                    0x080005a0   Section        0  initio.o(.text)
    .text                                    0x080006d8   Section       74  sys_stackheap_outer.o(.text)
    .text                                    0x08000722   Section        0  h1_free.o(.text)
    .text                                    0x08000770   Section        0  flsbuf.o(.text)
    .text                                    0x08000946   Section        0  setvbuf.o(.text)
    .text                                    0x0800098c   Section        0  fopen.o(.text)
    _freopen_locked                          0x0800098d   Thumb Code     0  fopen.o(.text)
    .text                                    0x08000a78   Section        0  fclose.o(.text)
    .text                                    0x08000ac4   Section        0  exit.o(.text)
    .text                                    0x08000ad6   Section        0  defsig_rtred_outer.o(.text)
    .text                                    0x08000ae4   Section       78  rt_memclr_w.o(.text)
    .text                                    0x08000b34   Section        8  libspace.o(.text)
    .text                                    0x08000b3c   Section        8  rt_heap_descriptor_intlibspace.o(.text)
    .text                                    0x08000b44   Section        0  hguard.o(.text)
    .text                                    0x08000b48   Section        0  init_alloc.o(.text)
    .text                                    0x08000bd2   Section        0  h1_alloc.o(.text)
    .text                                    0x08000c30   Section        0  fseek.o(.text)
    .text                                    0x08000d28   Section        0  stdio.o(.text)
    .text                                    0x08000e18   Section        0  defsig_exit.o(.text)
    .text                                    0x08000e24   Section        0  defsig_rtred_inner.o(.text)
    .text                                    0x08000e58   Section        0  sys_exit.o(.text)
    .text                                    0x08000e64   Section        0  h1_init.o(.text)
    .text                                    0x08000e72   Section        0  h1_extend.o(.text)
    .text                                    0x08000ea6   Section        0  ftell.o(.text)
    .text                                    0x08000ee8   Section        0  defsig_general.o(.text)
    .text                                    0x08000f1a   Section        0  defsig_rtmem_outer.o(.text)
    .text                                    0x08000f28   Section        0  sys_wrch.o(.text)
    .text                                    0x08000f36   Section        2  use_no_semi.o(.text)
    .text                                    0x08000f38   Section        0  indicate_semi.o(.text)
    .text                                    0x08000f38   Section        8  rt_errno_addr_intlibspace.o(.text)
    .text                                    0x08000f40   Section        0  defsig_rtmem_inner.o(.text)
    i.Find_Smallest                          0x08000f90   Section        0  app.o(i.Find_Smallest)
    i.ITM_SendChar                           0x08000fb8   Section        0  retarget_io.o(i.ITM_SendChar)
    i.OS_Task_Init                           0x08000fe8   Section        0  app.o(i.OS_Task_Init)
    i.SVC_Handler_main                       0x0800107c   Section        0  app.o(i.SVC_Handler_main)
    __tagsym$$used                           0x0800107d   Number         0  app.o(i.SVC_Handler_main)
    i.SysTick_Handler                        0x080010b4   Section        0  app.o(i.SysTick_Handler)
    i.SystemInit                             0x08001188   Section        0  system_stm32f4xx.o(i.SystemInit)
    i.Task_Init                              0x080011ec   Section        0  app.o(i.Task_Init)
    i.Update_Arrival                         0x08001274   Section        0  app.o(i.Update_Arrival)
    i.__NVIC_SetPriority                     0x080012e4   Section        0  app.o(i.__NVIC_SetPriority)
    __NVIC_SetPriority                       0x080012e5   Thumb Code    32  app.o(i.__NVIC_SetPriority)
    i._sys_close                             0x0800130c   Section        0  retarget_io.o(i._sys_close)
    i._sys_flen                              0x08001332   Section        0  retarget_io.o(i._sys_flen)
    i._sys_istty                             0x08001356   Section        0  retarget_io.o(i._sys_istty)
    i._sys_open                              0x0800137c   Section        0  retarget_io.o(i._sys_open)
    i._sys_seek                              0x080013e4   Section        0  retarget_io.o(i._sys_seek)
    i._sys_write                             0x08001410   Section        0  retarget_io.o(i._sys_write)
    i.fputc                                  0x08001468   Section        0  fputc.o(i.fputc)
    i.initializeValues                       0x08001484   Section        0  app.o(i.initializeValues)
    i.main                                   0x080014f8   Section        0  app_main.o(i.main)
    i.scheduler                              0x08001504   Section        0  app.o(i.scheduler)
    i.stderr_putchar                         0x0800162c   Section        0  retarget_io.o(i.stderr_putchar)
    stderr_putchar                           0x0800162d   Thumb Code    12  retarget_io.o(i.stderr_putchar)
    i.stdout_putchar                         0x08001638   Section        0  retarget_io.o(i.stdout_putchar)
    stdout_putchar                           0x08001639   Thumb Code    12  retarget_io.o(i.stdout_putchar)
    i.task0                                  0x08001644   Section        0  app.o(i.task0)
    i.task1                                  0x08001658   Section        0  app.o(i.task1)
    i.task2                                  0x0800166c   Section        0  app.o(i.task2)
    x$fpl$fpinit                             0x08001680   Section       10  fpinit.o(x$fpl$fpinit)
    $v0                                      0x08001680   Number         0  fpinit.o(x$fpl$fpinit)
    .constdata                               0x0800168a   Section       23  retarget_io.o(.constdata)
    .data                                    0x20000000   Section       24  app.o(.data)
    .data                                    0x20000018   Section        4  stdio_streams.o(.data)
    .data                                    0x2000001c   Section        4  stdio_streams.o(.data)
    .data                                    0x20000020   Section        4  stdio_streams.o(.data)
    .bss                                     0x20000024   Section      864  app.o(.bss)
    .bss                                     0x20000384   Section       84  stdio_streams.o(.bss)
    .bss                                     0x200003d8   Section       84  stdio_streams.o(.bss)
    .bss                                     0x2000042c   Section       84  stdio_streams.o(.bss)
    .bss                                     0x20000480   Section       96  libspace.o(.bss)
    HEAP                                     0x200004e0   Section      512  startup_stm32f479xx.o(HEAP)
    Heap_Mem                                 0x200004e0   Data         512  startup_stm32f479xx.o(HEAP)
    STACK                                    0x200006e0   Section     1024  startup_stm32f479xx.o(STACK)
    Stack_Mem                                0x200006e0   Data        1024  startup_stm32f479xx.o(STACK)
    __initial_sp                             0x20000ae0   Data           0  startup_stm32f479xx.o(STACK)

    Global Symbols

    Symbol Name                              Value     Ov Type        Size  Object(Section)

    BuildAttributes$$THM_ISAv4$E$P$D$K$B$S$7EM$VFPi3$EXTD16$VFPS$VFMA$PE$A:L22UL41UL21$X:L11$S22US41US21$IEEE1$IW$USESV6$~STKCKD$USESV7$~SHL$OTIME$ROPI$EBA8$UX$STANDARDLIB$REQ8$PRES8$EABIv2 0x00000000   Number         0  anon$$obj.o ABSOLUTE
    __ARM_use_no_argv                        0x00000000   Number         0  app_main.o ABSOLUTE
    __ARM_exceptions_init                     - Undefined Weak Reference
    __alloca_initialize                       - Undefined Weak Reference
    __arm_preinit_                            - Undefined Weak Reference
    __cpp_initialize__aeabi_                  - Undefined Weak Reference
    __cxa_finalize                            - Undefined Weak Reference
    __rt_locale                               - Undefined Weak Reference
    __sigvec_lookup                           - Undefined Weak Reference
    __user_heap_extent                        - Undefined Weak Reference
    _atexit_init                              - Undefined Weak Reference
    _call_atexit_fns                          - Undefined Weak Reference
    _clock_init                               - Undefined Weak Reference
    _fp_trap_init                             - Undefined Weak Reference
    _fp_trap_shutdown                         - Undefined Weak Reference
    _get_lc_collate                           - Undefined Weak Reference
    _get_lc_ctype                             - Undefined Weak Reference
    _get_lc_monetary                          - Undefined Weak Reference
    _get_lc_numeric                           - Undefined Weak Reference
    _get_lc_time                              - Undefined Weak Reference
    _getenv_init                              - Undefined Weak Reference
    _handle_redirection                       - Undefined Weak Reference
    _mutex_acquire                            - Undefined Weak Reference
    _mutex_free                               - Undefined Weak Reference
    _mutex_release                            - Undefined Weak Reference
    _printf_post_padding                      - Undefined Weak Reference
    _printf_pre_padding                       - Undefined Weak Reference
    _printf_truncate_signed                   - Undefined Weak Reference
    _printf_truncate_unsigned                 - Undefined Weak Reference
    _rand_init                                - Undefined Weak Reference
    _signal_finish                            - Undefined Weak Reference
    _signal_init                              - Undefined Weak Reference
    __Vectors_Size                           0x000001b4   Number         0  startup_stm32f479xx.o ABSOLUTE
    __Vectors                                0x08000000   Data           4  startup_stm32f479xx.o(RESET)
    __Vectors_End                            0x080001b4   Data           0  startup_stm32f479xx.o(RESET)
    __main                                   0x080001b5   Thumb Code     8  __main.o(!!!main)
    __scatterload                            0x080001bd   Thumb Code     0  __scatter.o(!!!scatter)
    __scatterload_rt2                        0x080001bd   Thumb Code    44  __scatter.o(!!!scatter)
    __scatterload_rt2_thumb_only             0x080001bd   Thumb Code     0  __scatter.o(!!!scatter)
    __scatterload_null                       0x080001cb   Thumb Code     0  __scatter.o(!!!scatter)
    __scatterload_copy                       0x080001f1   Thumb Code    26  __scatter_copy.o(!!handler_copy)
    __scatterload_zeroinit                   0x0800020d   Thumb Code    28  __scatter_zi.o(!!handler_zi)
    _printf_d                                0x08000229   Thumb Code     0  _printf_d.o(.ARM.Collect$$_printf_percent$$00000009)
    _printf_percent                          0x08000229   Thumb Code     0  _printf_percent.o(.ARM.Collect$$_printf_percent$$00000000)
    _printf_percent_end                      0x0800022f   Thumb Code     0  _printf_percent_end.o(.ARM.Collect$$_printf_percent$$00000017)
    __rt_lib_init                            0x08000233   Thumb Code     0  libinit.o(.ARM.Collect$$libinit$$00000000)
    __rt_lib_init_fp_1                       0x08000235   Thumb Code     0  libinit2.o(.ARM.Collect$$libinit$$00000001)
    __rt_lib_init_heap_2                     0x08000239   Thumb Code     0  libinit2.o(.ARM.Collect$$libinit$$00000005)
    __rt_lib_init_preinit_1                  0x08000239   Thumb Code     0  libinit2.o(.ARM.Collect$$libinit$$00000004)
    __rt_lib_init_atexit_1                   0x08000241   Thumb Code     0  libinit2.o(.ARM.Collect$$libinit$$0000001B)
    __rt_lib_init_clock_1                    0x08000241   Thumb Code     0  libinit2.o(.ARM.Collect$$libinit$$00000021)
    __rt_lib_init_fp_trap_1                  0x08000241   Thumb Code     0  libinit2.o(.ARM.Collect$$libinit$$0000001F)
    __rt_lib_init_getenv_1                   0x08000241   Thumb Code     0  libinit2.o(.ARM.Collect$$libinit$$00000023)
    __rt_lib_init_heap_1                     0x08000241   Thumb Code     0  libinit2.o(.ARM.Collect$$libinit$$0000000A)
    __rt_lib_init_lc_collate_1               0x08000241   Thumb Code     0  libinit2.o(.ARM.Collect$$libinit$$00000011)
    __rt_lib_init_lc_ctype_1                 0x08000241   Thumb Code     0  libinit2.o(.ARM.Collect$$libinit$$00000013)
    __rt_lib_init_lc_monetary_1              0x08000241   Thumb Code     0  libinit2.o(.ARM.Collect$$libinit$$00000015)
    __rt_lib_init_lc_numeric_1               0x08000241   Thumb Code     0  libinit2.o(.ARM.Collect$$libinit$$00000017)
    __rt_lib_init_lc_time_1                  0x08000241   Thumb Code     0  libinit2.o(.ARM.Collect$$libinit$$00000019)
    __rt_lib_init_rand_1                     0x08000241   Thumb Code     0  libinit2.o(.ARM.Collect$$libinit$$0000000E)
    __rt_lib_init_signal_1                   0x08000241   Thumb Code     0  libinit2.o(.ARM.Collect$$libinit$$0000001D)
    __rt_lib_init_stdio_2                    0x08000241   Thumb Code     0  libinit2.o(.ARM.Collect$$libinit$$00000024)
    __rt_lib_init_user_alloc_1               0x08000241   Thumb Code     0  libinit2.o(.ARM.Collect$$libinit$$0000000C)
    __rt_lib_init_alloca_1                   0x08000245   Thumb Code     0  libinit2.o(.ARM.Collect$$libinit$$0000002E)
    __rt_lib_init_argv_1                     0x08000245   Thumb Code     0  libinit2.o(.ARM.Collect$$libinit$$0000002C)
    __rt_lib_init_cpp_1                      0x08000245   Thumb Code     0  libinit2.o(.ARM.Collect$$libinit$$00000032)
    __rt_lib_init_exceptions_1               0x08000245   Thumb Code     0  libinit2.o(.ARM.Collect$$libinit$$00000030)
    __rt_lib_init_return                     0x08000245   Thumb Code     0  libinit2.o(.ARM.Collect$$libinit$$00000033)
    __rt_lib_init_stdio_1                    0x08000245   Thumb Code     0  libinit2.o(.ARM.Collect$$libinit$$00000025)
    __rt_lib_shutdown                        0x08000247   Thumb Code     0  libshutdown.o(.ARM.Collect$$libshutdown$$00000000)
    __rt_lib_shutdown_cpp_1                  0x08000249   Thumb Code     0  libshutdown2.o(.ARM.Collect$$libshutdown$$00000002)
    __rt_lib_shutdown_stdio_2                0x08000249   Thumb Code     0  libshutdown2.o(.ARM.Collect$$libshutdown$$00000003)
    __rt_lib_shutdown_fp_trap_1              0x0800024d   Thumb Code     0  libshutdown2.o(.ARM.Collect$$libshutdown$$00000007)
    __rt_lib_shutdown_heap_1                 0x0800024d   Thumb Code     0  libshutdown2.o(.ARM.Collect$$libshutdown$$0000000F)
    __rt_lib_shutdown_return                 0x0800024d   Thumb Code     0  libshutdown2.o(.ARM.Collect$$libshutdown$$00000010)
    __rt_lib_shutdown_signal_1               0x0800024d   Thumb Code     0  libshutdown2.o(.ARM.Collect$$libshutdown$$0000000A)
    __rt_lib_shutdown_stdio_1                0x0800024d   Thumb Code     0  libshutdown2.o(.ARM.Collect$$libshutdown$$00000004)
    __rt_lib_shutdown_user_alloc_1           0x0800024d   Thumb Code     0  libshutdown2.o(.ARM.Collect$$libshutdown$$0000000C)
    __rt_entry                               0x0800024f   Thumb Code     0  __rtentry.o(.ARM.Collect$$rtentry$$00000000)
    __rt_entry_presh_1                       0x0800024f   Thumb Code     0  __rtentry2.o(.ARM.Collect$$rtentry$$00000002)
    __rt_entry_sh                            0x0800024f   Thumb Code     0  __rtentry4.o(.ARM.Collect$$rtentry$$00000004)
    __rt_entry_li                            0x08000255   Thumb Code     0  __rtentry2.o(.ARM.Collect$$rtentry$$0000000A)
    __rt_entry_postsh_1                      0x08000255   Thumb Code     0  __rtentry2.o(.ARM.Collect$$rtentry$$00000009)
    __rt_entry_main                          0x08000259   Thumb Code     0  __rtentry2.o(.ARM.Collect$$rtentry$$0000000D)
    __rt_entry_postli_1                      0x08000259   Thumb Code     0  __rtentry2.o(.ARM.Collect$$rtentry$$0000000C)
    __rt_exit                                0x08000261   Thumb Code     0  rtexit.o(.ARM.Collect$$rtexit$$00000000)
    __rt_exit_ls                             0x08000263   Thumb Code     0  rtexit2.o(.ARM.Collect$$rtexit$$00000003)
    __rt_exit_prels_1                        0x08000263   Thumb Code     0  rtexit2.o(.ARM.Collect$$rtexit$$00000002)
    __rt_exit_exit                           0x08000267   Thumb Code     0  rtexit2.o(.ARM.Collect$$rtexit$$00000004)
    context                                  0x0800026d   Thumb Code    18  app.o(.emb_text)
    PendSV_Handler                           0x08000289   Thumb Code    24  app.o(.emb_text)
    SVC_Handler                              0x080002ad   Thumb Code    36  app.o(.emb_text)
    Reset_Handler                            0x080002d5   Thumb Code     8  startup_stm32f479xx.o(.text)
    _maybe_terminate_alloc                   0x080002d5   Thumb Code     0  maybetermalloc1.o(.emb_text)
    NMI_Handler                              0x080002dd   Thumb Code     2  startup_stm32f479xx.o(.text)
    HardFault_Handler                        0x080002df   Thumb Code     2  startup_stm32f479xx.o(.text)
    MemManage_Handler                        0x080002e1   Thumb Code     2  startup_stm32f479xx.o(.text)
    BusFault_Handler                         0x080002e3   Thumb Code     2  startup_stm32f479xx.o(.text)
    UsageFault_Handler                       0x080002e5   Thumb Code     2  startup_stm32f479xx.o(.text)
    DebugMon_Handler                         0x080002e9   Thumb Code     2  startup_stm32f479xx.o(.text)
    ADC_IRQHandler                           0x080002ef   Thumb Code     0  startup_stm32f479xx.o(.text)
    CAN1_RX0_IRQHandler                      0x080002ef   Thumb Code     0  startup_stm32f479xx.o(.text)
    CAN1_RX1_IRQHandler                      0x080002ef   Thumb Code     0  startup_stm32f479xx.o(.text)
    CAN1_SCE_IRQHandler                      0x080002ef   Thumb Code     0  startup_stm32f479xx.o(.text)
    CAN1_TX_IRQHandler                       0x080002ef   Thumb Code     0  startup_stm32f479xx.o(.text)
    CAN2_RX0_IRQHandler                      0x080002ef   Thumb Code     0  startup_stm32f479xx.o(.text)
    CAN2_RX1_IRQHandler                      0x080002ef   Thumb Code     0  startup_stm32f479xx.o(.text)
    CAN2_SCE_IRQHandler                      0x080002ef   Thumb Code     0  startup_stm32f479xx.o(.text)
    CAN2_TX_IRQHandler                       0x080002ef   Thumb Code     0  startup_stm32f479xx.o(.text)
    CRYP_IRQHandler                          0x080002ef   Thumb Code     0  startup_stm32f479xx.o(.text)
    DCMI_IRQHandler                          0x080002ef   Thumb Code     0  startup_stm32f479xx.o(.text)
    DMA1_Stream0_IRQHandler                  0x080002ef   Thumb Code     0  startup_stm32f479xx.o(.text)
    DMA1_Stream1_IRQHandler                  0x080002ef   Thumb Code     0  startup_stm32f479xx.o(.text)
    DMA1_Stream2_IRQHandler                  0x080002ef   Thumb Code     0  startup_stm32f479xx.o(.text)
    DMA1_Stream3_IRQHandler                  0x080002ef   Thumb Code     0  startup_stm32f479xx.o(.text)
    DMA1_Stream4_IRQHandler                  0x080002ef   Thumb Code     0  startup_stm32f479xx.o(.text)
    DMA1_Stream5_IRQHandler                  0x080002ef   Thumb Code     0  startup_stm32f479xx.o(.text)
    DMA1_Stream6_IRQHandler                  0x080002ef   Thumb Code     0  startup_stm32f479xx.o(.text)
    DMA1_Stream7_IRQHandler                  0x080002ef   Thumb Code     0  startup_stm32f479xx.o(.text)
    DMA2D_IRQHandler                         0x080002ef   Thumb Code     0  startup_stm32f479xx.o(.text)
    DMA2_Stream0_IRQHandler                  0x080002ef   Thumb Code     0  startup_stm32f479xx.o(.text)
    DMA2_Stream1_IRQHandler                  0x080002ef   Thumb Code     0  startup_stm32f479xx.o(.text)
    DMA2_Stream2_IRQHandler                  0x080002ef   Thumb Code     0  startup_stm32f479xx.o(.text)
    DMA2_Stream3_IRQHandler                  0x080002ef   Thumb Code     0  startup_stm32f479xx.o(.text)
    DMA2_Stream4_IRQHandler                  0x080002ef   Thumb Code     0  startup_stm32f479xx.o(.text)
    DMA2_Stream5_IRQHandler                  0x080002ef   Thumb Code     0  startup_stm32f479xx.o(.text)
    DMA2_Stream6_IRQHandler                  0x080002ef   Thumb Code     0  startup_stm32f479xx.o(.text)
    DMA2_Stream7_IRQHandler                  0x080002ef   Thumb Code     0  startup_stm32f479xx.o(.text)
    DSI_IRQHandler                           0x080002ef   Thumb Code     0  startup_stm32f479xx.o(.text)
    ETH_IRQHandler                           0x080002ef   Thumb Code     0  startup_stm32f479xx.o(.text)
    ETH_WKUP_IRQHandler                      0x080002ef   Thumb Code     0  startup_stm32f479xx.o(.text)
    EXTI0_IRQHandler                         0x080002ef   Thumb Code     0  startup_stm32f479xx.o(.text)
    EXTI15_10_IRQHandler                     0x080002ef   Thumb Code     0  startup_stm32f479xx.o(.text)
    EXTI1_IRQHandler                         0x080002ef   Thumb Code     0  startup_stm32f479xx.o(.text)
    EXTI2_IRQHandler                         0x080002ef   Thumb Code     0  startup_stm32f479xx.o(.text)
    EXTI3_IRQHandler                         0x080002ef   Thumb Code     0  startup_stm32f479xx.o(.text)
    EXTI4_IRQHandler                         0x080002ef   Thumb Code     0  startup_stm32f479xx.o(.text)
    EXTI9_5_IRQHandler                       0x080002ef   Thumb Code     0  startup_stm32f479xx.o(.text)
    FLASH_IRQHandler                         0x080002ef   Thumb Code     0  startup_stm32f479xx.o(.text)
    FMC_IRQHandler                           0x080002ef   Thumb Code     0  startup_stm32f479xx.o(.text)
    FPU_IRQHandler                           0x080002ef   Thumb Code     0  startup_stm32f479xx.o(.text)
    HASH_RNG_IRQHandler                      0x080002ef   Thumb Code     0  startup_stm32f479xx.o(.text)
    I2C1_ER_IRQHandler                       0x080002ef   Thumb Code     0  startup_stm32f479xx.o(.text)
    I2C1_EV_IRQHandler                       0x080002ef   Thumb Code     0  startup_stm32f479xx.o(.text)
    I2C2_ER_IRQHandler                       0x080002ef   Thumb Code     0  startup_stm32f479xx.o(.text)
    I2C2_EV_IRQHandler                       0x080002ef   Thumb Code     0  startup_stm32f479xx.o(.text)
    I2C3_ER_IRQHandler                       0x080002ef   Thumb Code     0  startup_stm32f479xx.o(.text)
    I2C3_EV_IRQHandler                       0x080002ef   Thumb Code     0  startup_stm32f479xx.o(.text)
    LTDC_ER_IRQHandler                       0x080002ef   Thumb Code     0  startup_stm32f479xx.o(.text)
    LTDC_IRQHandler                          0x080002ef   Thumb Code     0  startup_stm32f479xx.o(.text)
    OTG_FS_IRQHandler                        0x080002ef   Thumb Code     0  startup_stm32f479xx.o(.text)
    OTG_FS_WKUP_IRQHandler                   0x080002ef   Thumb Code     0  startup_stm32f479xx.o(.text)
    OTG_HS_EP1_IN_IRQHandler                 0x080002ef   Thumb Code     0  startup_stm32f479xx.o(.text)
    OTG_HS_EP1_OUT_IRQHandler                0x080002ef   Thumb Code     0  startup_stm32f479xx.o(.text)
    OTG_HS_IRQHandler                        0x080002ef   Thumb Code     0  startup_stm32f479xx.o(.text)
    OTG_HS_WKUP_IRQHandler                   0x080002ef   Thumb Code     0  startup_stm32f479xx.o(.text)
    PVD_IRQHandler                           0x080002ef   Thumb Code     0  startup_stm32f479xx.o(.text)
    QUADSPI_IRQHandler                       0x080002ef   Thumb Code     0  startup_stm32f479xx.o(.text)
    RCC_IRQHandler                           0x080002ef   Thumb Code     0  startup_stm32f479xx.o(.text)
    RTC_Alarm_IRQHandler                     0x080002ef   Thumb Code     0  startup_stm32f479xx.o(.text)
    RTC_WKUP_IRQHandler                      0x080002ef   Thumb Code     0  startup_stm32f479xx.o(.text)
    SAI1_IRQHandler                          0x080002ef   Thumb Code     0  startup_stm32f479xx.o(.text)
    SDIO_IRQHandler                          0x080002ef   Thumb Code     0  startup_stm32f479xx.o(.text)
    SPI1_IRQHandler                          0x080002ef   Thumb Code     0  startup_stm32f479xx.o(.text)
    SPI2_IRQHandler                          0x080002ef   Thumb Code     0  startup_stm32f479xx.o(.text)
    SPI3_IRQHandler                          0x080002ef   Thumb Code     0  startup_stm32f479xx.o(.text)
    SPI4_IRQHandler                          0x080002ef   Thumb Code     0  startup_stm32f479xx.o(.text)
    SPI5_IRQHandler                          0x080002ef   Thumb Code     0  startup_stm32f479xx.o(.text)
    SPI6_IRQHandler                          0x080002ef   Thumb Code     0  startup_stm32f479xx.o(.text)
    TAMP_STAMP_IRQHandler                    0x080002ef   Thumb Code     0  startup_stm32f479xx.o(.text)
    TIM1_BRK_TIM9_IRQHandler                 0x080002ef   Thumb Code     0  startup_stm32f479xx.o(.text)
    TIM1_CC_IRQHandler                       0x080002ef   Thumb Code     0  startup_stm32f479xx.o(.text)
    TIM1_TRG_COM_TIM11_IRQHandler            0x080002ef   Thumb Code     0  startup_stm32f479xx.o(.text)
    TIM1_UP_TIM10_IRQHandler                 0x080002ef   Thumb Code     0  startup_stm32f479xx.o(.text)
    TIM2_IRQHandler                          0x080002ef   Thumb Code     0  startup_stm32f479xx.o(.text)
    TIM3_IRQHandler                          0x080002ef   Thumb Code     0  startup_stm32f479xx.o(.text)
    TIM4_IRQHandler                          0x080002ef   Thumb Code     0  startup_stm32f479xx.o(.text)
    TIM5_IRQHandler                          0x080002ef   Thumb Code     0  startup_stm32f479xx.o(.text)
    TIM6_DAC_IRQHandler                      0x080002ef   Thumb Code     0  startup_stm32f479xx.o(.text)
    TIM7_IRQHandler                          0x080002ef   Thumb Code     0  startup_stm32f479xx.o(.text)
    TIM8_BRK_TIM12_IRQHandler                0x080002ef   Thumb Code     0  startup_stm32f479xx.o(.text)
    TIM8_CC_IRQHandler                       0x080002ef   Thumb Code     0  startup_stm32f479xx.o(.text)
    TIM8_TRG_COM_TIM14_IRQHandler            0x080002ef   Thumb Code     0  startup_stm32f479xx.o(.text)
    TIM8_UP_TIM13_IRQHandler                 0x080002ef   Thumb Code     0  startup_stm32f479xx.o(.text)
    UART4_IRQHandler                         0x080002ef   Thumb Code     0  startup_stm32f479xx.o(.text)
    UART5_IRQHandler                         0x080002ef   Thumb Code     0  startup_stm32f479xx.o(.text)
    UART7_IRQHandler                         0x080002ef   Thumb Code     0  startup_stm32f479xx.o(.text)
    UART8_IRQHandler                         0x080002ef   Thumb Code     0  startup_stm32f479xx.o(.text)
    USART1_IRQHandler                        0x080002ef   Thumb Code     0  startup_stm32f479xx.o(.text)
    USART2_IRQHandler                        0x080002ef   Thumb Code     0  startup_stm32f479xx.o(.text)
    USART3_IRQHandler                        0x080002ef   Thumb Code     0  startup_stm32f479xx.o(.text)
    USART6_IRQHandler                        0x080002ef   Thumb Code     0  startup_stm32f479xx.o(.text)
    WWDG_IRQHandler                          0x080002ef   Thumb Code     0  startup_stm32f479xx.o(.text)
    __user_initial_stackheap                 0x080002f1   Thumb Code     0  startup_stm32f479xx.o(.text)
    __2printf                                0x08000315   Thumb Code    20  noretval__2printf.o(.text)
    __printf                                 0x0800032d   Thumb Code   104  __printf.o(.text)
    _printf_int_dec                          0x08000395   Thumb Code   104  _printf_dec.o(.text)
    strcmp                                   0x0800040d   Thumb Code   128  strcmpv7m.o(.text)
    __use_two_region_memory                  0x0800048d   Thumb Code     2  heapauxi.o(.text)
    __rt_heap_escrow                         0x0800048f   Thumb Code     2  heapauxi.o(.text)
    __rt_heap_expand                         0x08000491   Thumb Code     2  heapauxi.o(.text)
    _printf_int_common                       0x08000493   Thumb Code   178  _printf_intcommon.o(.text)
    _printf_char_file                        0x08000545   Thumb Code    32  _printf_char_file.o(.text)
    _printf_char_common                      0x08000573   Thumb Code    32  _printf_char_common.o(.text)
    ferror                                   0x08000599   Thumb Code     8  ferror.o(.text)
    _initio                                  0x080005a1   Thumb Code   210  initio.o(.text)
    _terminateio                             0x08000673   Thumb Code    56  initio.o(.text)
    __user_setup_stackheap                   0x080006d9   Thumb Code    74  sys_stackheap_outer.o(.text)
    free                                     0x08000723   Thumb Code    78  h1_free.o(.text)
    __flsbuf                                 0x08000771   Thumb Code   470  flsbuf.o(.text)
    __flsbuf_byte                            0x08000771   Thumb Code     0  flsbuf.o(.text)
    __flsbuf_wide                            0x08000771   Thumb Code     0  flsbuf.o(.text)
    setvbuf                                  0x08000947   Thumb Code    70  setvbuf.o(.text)
    freopen                                  0x0800098d   Thumb Code   158  fopen.o(.text)
    fopen                                    0x08000a2b   Thumb Code    74  fopen.o(.text)
    _fclose_internal                         0x08000a79   Thumb Code    76  fclose.o(.text)
    fclose                                   0x08000a79   Thumb Code     0  fclose.o(.text)
    exit                                     0x08000ac5   Thumb Code    18  exit.o(.text)
    __rt_SIGRTRED                            0x08000ad7   Thumb Code    14  defsig_rtred_outer.o(.text)
    __aeabi_memclr4                          0x08000ae5   Thumb Code     0  rt_memclr_w.o(.text)
    __aeabi_memclr8                          0x08000ae5   Thumb Code     0  rt_memclr_w.o(.text)
    __rt_memclr_w                            0x08000ae5   Thumb Code    78  rt_memclr_w.o(.text)
    _memset_w                                0x08000ae9   Thumb Code     0  rt_memclr_w.o(.text)
    __user_libspace                          0x08000b35   Thumb Code     8  libspace.o(.text)
    __user_perproc_libspace                  0x08000b35   Thumb Code     0  libspace.o(.text)
    __user_perthread_libspace                0x08000b35   Thumb Code     0  libspace.o(.text)
    __rt_heap_descriptor                     0x08000b3d   Thumb Code     8  rt_heap_descriptor_intlibspace.o(.text)
    __use_no_heap                            0x08000b45   Thumb Code     2  hguard.o(.text)
    __heap$guard                             0x08000b47   Thumb Code     2  hguard.o(.text)
    _terminate_user_alloc                    0x08000b49   Thumb Code     2  init_alloc.o(.text)
    _init_user_alloc                         0x08000b4b   Thumb Code     2  init_alloc.o(.text)
    __Heap_Full                              0x08000b4d   Thumb Code    34  init_alloc.o(.text)
    __Heap_Broken                            0x08000b6f   Thumb Code     6  init_alloc.o(.text)
    _init_alloc                              0x08000b75   Thumb Code    94  init_alloc.o(.text)
    malloc                                   0x08000bd3   Thumb Code    94  h1_alloc.o(.text)
    _fseek                                   0x08000c31   Thumb Code   242  fseek.o(.text)
    fseek                                    0x08000c31   Thumb Code     0  fseek.o(.text)
    _seterr                                  0x08000d29   Thumb Code    20  stdio.o(.text)
    _writebuf                                0x08000d3d   Thumb Code    84  stdio.o(.text)
    _fflush                                  0x08000d91   Thumb Code    70  stdio.o(.text)
    _deferredlazyseek                        0x08000dd7   Thumb Code    60  stdio.o(.text)
    __sig_exit                               0x08000e19   Thumb Code    10  defsig_exit.o(.text)
    __rt_SIGRTRED_inner                      0x08000e25   Thumb Code    14  defsig_rtred_inner.o(.text)
    _sys_exit                                0x08000e59   Thumb Code     8  sys_exit.o(.text)
    __Heap_Initialize                        0x08000e65   Thumb Code    10  h1_init.o(.text)
    __Heap_DescSize                          0x08000e6f   Thumb Code     4  h1_init.o(.text)
    __Heap_ProvideMemory                     0x08000e73   Thumb Code    52  h1_extend.o(.text)
    _ftell_internal                          0x08000ea7   Thumb Code    66  ftell.o(.text)
    ftell                                    0x08000ea7   Thumb Code     0  ftell.o(.text)
    __default_signal_display                 0x08000ee9   Thumb Code    50  defsig_general.o(.text)
    __rt_SIGRTMEM                            0x08000f1b   Thumb Code    14  defsig_rtmem_outer.o(.text)
    _ttywrch                                 0x08000f29   Thumb Code    14  sys_wrch.o(.text)
    __I$use$semihosting                      0x08000f37   Thumb Code     0  use_no_semi.o(.text)
    __use_no_semihosting_swi                 0x08000f37   Thumb Code     2  use_no_semi.o(.text)
    __aeabi_errno_addr                       0x08000f39   Thumb Code     8  rt_errno_addr_intlibspace.o(.text)
    __errno$intlibspace                      0x08000f39   Thumb Code     0  rt_errno_addr_intlibspace.o(.text)
    __rt_errno_addr$intlibspace              0x08000f39   Thumb Code     0  rt_errno_addr_intlibspace.o(.text)
    __semihosting_library_function           0x08000f39   Thumb Code     0  indicate_semi.o(.text)
    __rt_SIGRTMEM_inner                      0x08000f41   Thumb Code    22  defsig_rtmem_inner.o(.text)
    Find_Smallest                            0x08000f91   Thumb Code    36  app.o(i.Find_Smallest)
    ITM_SendChar                             0x08000fb9   Thumb Code    42  retarget_io.o(i.ITM_SendChar)
    OS_Task_Init                             0x08000fe9   Thumb Code   134  app.o(i.OS_Task_Init)
    SVC_Handler_main                         0x0800107d   Thumb Code    28  app.o(i.SVC_Handler_main)
    SysTick_Handler                          0x080010b5   Thumb Code   160  app.o(i.SysTick_Handler)
    SystemInit                               0x08001189   Thumb Code    82  system_stm32f4xx.o(i.SystemInit)
    Task_Init                                0x080011ed   Thumb Code   106  app.o(i.Task_Init)
    Update_Arrival                           0x08001275   Thumb Code   108  app.o(i.Update_Arrival)
    _sys_close                               0x0800130d   Thumb Code    38  retarget_io.o(i._sys_close)
    _sys_flen                                0x08001333   Thumb Code    36  retarget_io.o(i._sys_flen)
    _sys_istty                               0x08001357   Thumb Code    36  retarget_io.o(i._sys_istty)
    _sys_open                                0x0800137d   Thumb Code    80  retarget_io.o(i._sys_open)
    _sys_seek                                0x080013e5   Thumb Code    44  retarget_io.o(i._sys_seek)
    _sys_write                               0x08001411   Thumb Code    88  retarget_io.o(i._sys_write)
    fputc                                    0x08001469   Thumb Code    26  fputc.o(i.fputc)
    initializeValues                         0x08001485   Thumb Code   112  app.o(i.initializeValues)
    main                                     0x080014f9   Thumb Code    10  app_main.o(i.main)
    scheduler                                0x08001505   Thumb Code   216  app.o(i.scheduler)
    task0                                    0x08001645   Thumb Code    14  app.o(i.task0)
    task1                                    0x08001659   Thumb Code    14  app.o(i.task1)
    task2                                    0x0800166d   Thumb Code    14  app.o(i.task2)
    _fp_init                                 0x08001681   Thumb Code    10  fpinit.o(x$fpl$fpinit)
    __fplib_config_fpu_vfp                   0x08001689   Thumb Code     0  fpinit.o(x$fpl$fpinit)
    __fplib_config_pureend_doubles           0x08001689   Thumb Code     0  fpinit.o(x$fpl$fpinit)
    __stdin_name                             0x0800168a   Data           7  retarget_io.o(.constdata)
    __stdout_name                            0x08001691   Data           8  retarget_io.o(.constdata)
    __stderr_name                            0x08001699   Data           8  retarget_io.o(.constdata)
    Region$$Table$$Base                      0x080016a4   Number         0  anon$$obj.o(Region$$Table)
    Region$$Table$$Limit                     0x080016c4   Number         0  anon$$obj.o(Region$$Table)
    systick_count                            0x20000000   Data           4  app.o(.data)
    task1_cnt                                0x20000004   Data           2  app.o(.data)
    task2_cnt                                0x20000006   Data           2  app.o(.data)
    task0_cnt                                0x20000008   Data           2  app.o(.data)
    svc_exc_return                           0x2000000c   Data           4  app.o(.data)
    curr_task                                0x20000010   Data           4  app.o(.data)
    next_task                                0x20000014   Data           4  app.o(.data)
    __aeabi_stdin                            0x20000018   Data           4  stdio_streams.o(.data)
    __aeabi_stdout                           0x2000001c   Data           4  stdio_streams.o(.data)
    __aeabi_stderr                           0x20000020   Data           4  stdio_streams.o(.data)
    STATE                                    0x20000024   Data          72  app.o(.bss)
    task0_stack                              0x2000006c   Data         256  app.o(.bss)
    task1_stack                              0x2000016c   Data         256  app.o(.bss)
    task2_stack                              0x2000026c   Data         256  app.o(.bss)
    lex                                      0x2000036c   Data          12  app.o(.bss)
    PSP_array                                0x20000378   Data          12  app.o(.bss)
    __stdin                                  0x20000384   Data          84  stdio_streams.o(.bss)
    __stdout                                 0x200003d8   Data          84  stdio_streams.o(.bss)
    __stderr                                 0x2000042c   Data          84  stdio_streams.o(.bss)
    __libspace_start                         0x20000480   Data          96  libspace.o(.bss)
    __temporary_stack_top$libspace           0x200004e0   Data           0  libspace.o(.bss)



==============================================================================

Memory Map of the image

  Image Entry point : 0x080001b5

  Load Region LR_IROM1 (Base: 0x08000000, Size: 0x000016e8, Max: 0x00100000, ABSOLUTE)

    Execution Region ER_IROM1 (Exec base: 0x08000000, Load base: 0x08000000, Size: 0x000016c4, Max: 0x00100000, ABSOLUTE)

    Exec Addr    Load Addr    Size         Type   Attr      Idx    E Section Name        Object

    0x08000000   0x08000000   0x000001b4   Data   RO          269    RESET               startup_stm32f479xx.o
    0x080001b4   0x080001b4   0x00000008   Code   RO          347  * !!!main             c_w.l(__main.o)
    0x080001bc   0x080001bc   0x00000034   Code   RO          691    !!!scatter          c_w.l(__scatter.o)
    0x080001f0   0x080001f0   0x0000001a   Code   RO          693    !!handler_copy      c_w.l(__scatter_copy.o)
    0x0800020a   0x0800020a   0x00000002   PAD
    0x0800020c   0x0800020c   0x0000001c   Code   RO          695    !!handler_zi        c_w.l(__scatter_zi.o)
    0x08000228   0x08000228   0x00000000   Code   RO          342    .ARM.Collect$$_printf_percent$$00000000  c_w.l(_printf_percent.o)
    0x08000228   0x08000228   0x00000006   Code   RO          341    .ARM.Collect$$_printf_percent$$00000009  c_w.l(_printf_d.o)
    0x0800022e   0x0800022e   0x00000004   Code   RO          354    .ARM.Collect$$_printf_percent$$00000017  c_w.l(_printf_percent_end.o)
    0x08000232   0x08000232   0x00000002   Code   RO          480    .ARM.Collect$$libinit$$00000000  c_w.l(libinit.o)
    0x08000234   0x08000234   0x00000004   Code   RO          481    .ARM.Collect$$libinit$$00000001  c_w.l(libinit2.o)
    0x08000238   0x08000238   0x00000000   Code   RO          484    .ARM.Collect$$libinit$$00000004  c_w.l(libinit2.o)
    0x08000238   0x08000238   0x00000008   Code   RO          485    .ARM.Collect$$libinit$$00000005  c_w.l(libinit2.o)
    0x08000240   0x08000240   0x00000000   Code   RO          487    .ARM.Collect$$libinit$$0000000A  c_w.l(libinit2.o)
    0x08000240   0x08000240   0x00000000   Code   RO          489    .ARM.Collect$$libinit$$0000000C  c_w.l(libinit2.o)
    0x08000240   0x08000240   0x00000000   Code   RO          491    .ARM.Collect$$libinit$$0000000E  c_w.l(libinit2.o)
    0x08000240   0x08000240   0x00000000   Code   RO          494    .ARM.Collect$$libinit$$00000011  c_w.l(libinit2.o)
    0x08000240   0x08000240   0x00000000   Code   RO          496    .ARM.Collect$$libinit$$00000013  c_w.l(libinit2.o)
    0x08000240   0x08000240   0x00000000   Code   RO          498    .ARM.Collect$$libinit$$00000015  c_w.l(libinit2.o)
    0x08000240   0x08000240   0x00000000   Code   RO          500    .ARM.Collect$$libinit$$00000017  c_w.l(libinit2.o)
    0x08000240   0x08000240   0x00000000   Code   RO          502    .ARM.Collect$$libinit$$00000019  c_w.l(libinit2.o)
    0x08000240   0x08000240   0x00000000   Code   RO          504    .ARM.Collect$$libinit$$0000001B  c_w.l(libinit2.o)
    0x08000240   0x08000240   0x00000000   Code   RO          506    .ARM.Collect$$libinit$$0000001D  c_w.l(libinit2.o)
    0x08000240   0x08000240   0x00000000   Code   RO          508    .ARM.Collect$$libinit$$0000001F  c_w.l(libinit2.o)
    0x08000240   0x08000240   0x00000000   Code   RO          510    .ARM.Collect$$libinit$$00000021  c_w.l(libinit2.o)
    0x08000240   0x08000240   0x00000000   Code   RO          512    .ARM.Collect$$libinit$$00000023  c_w.l(libinit2.o)
    0x08000240   0x08000240   0x00000004   Code   RO          513    .ARM.Collect$$libinit$$00000024  c_w.l(libinit2.o)
    0x08000244   0x08000244   0x00000000   Code   RO          514    .ARM.Collect$$libinit$$00000025  c_w.l(libinit2.o)
    0x08000244   0x08000244   0x00000000   Code   RO          518    .ARM.Collect$$libinit$$0000002C  c_w.l(libinit2.o)
    0x08000244   0x08000244   0x00000000   Code   RO          520    .ARM.Collect$$libinit$$0000002E  c_w.l(libinit2.o)
    0x08000244   0x08000244   0x00000000   Code   RO          522    .ARM.Collect$$libinit$$00000030  c_w.l(libinit2.o)
    0x08000244   0x08000244   0x00000000   Code   RO          524    .ARM.Collect$$libinit$$00000032  c_w.l(libinit2.o)
    0x08000244   0x08000244   0x00000002   Code   RO          525    .ARM.Collect$$libinit$$00000033  c_w.l(libinit2.o)
    0x08000246   0x08000246   0x00000002   Code   RO          670    .ARM.Collect$$libshutdown$$00000000  c_w.l(libshutdown.o)
    0x08000248   0x08000248   0x00000000   Code   RO          527    .ARM.Collect$$libshutdown$$00000002  c_w.l(libshutdown2.o)
    0x08000248   0x08000248   0x00000004   Code   RO          528    .ARM.Collect$$libshutdown$$00000003  c_w.l(libshutdown2.o)
    0x0800024c   0x0800024c   0x00000000   Code   RO          529    .ARM.Collect$$libshutdown$$00000004  c_w.l(libshutdown2.o)
    0x0800024c   0x0800024c   0x00000000   Code   RO          532    .ARM.Collect$$libshutdown$$00000007  c_w.l(libshutdown2.o)
    0x0800024c   0x0800024c   0x00000000   Code   RO          535    .ARM.Collect$$libshutdown$$0000000A  c_w.l(libshutdown2.o)
    0x0800024c   0x0800024c   0x00000000   Code   RO          537    .ARM.Collect$$libshutdown$$0000000C  c_w.l(libshutdown2.o)
    0x0800024c   0x0800024c   0x00000000   Code   RO          540    .ARM.Collect$$libshutdown$$0000000F  c_w.l(libshutdown2.o)
    0x0800024c   0x0800024c   0x00000002   Code   RO          541    .ARM.Collect$$libshutdown$$00000010  c_w.l(libshutdown2.o)
    0x0800024e   0x0800024e   0x00000000   Code   RO          349    .ARM.Collect$$rtentry$$00000000  c_w.l(__rtentry.o)
    0x0800024e   0x0800024e   0x00000000   Code   RO          362    .ARM.Collect$$rtentry$$00000002  c_w.l(__rtentry2.o)
    0x0800024e   0x0800024e   0x00000006   Code   RO          374    .ARM.Collect$$rtentry$$00000004  c_w.l(__rtentry4.o)
    0x08000254   0x08000254   0x00000000   Code   RO          364    .ARM.Collect$$rtentry$$00000009  c_w.l(__rtentry2.o)
    0x08000254   0x08000254   0x00000004   Code   RO          365    .ARM.Collect$$rtentry$$0000000A  c_w.l(__rtentry2.o)
    0x08000258   0x08000258   0x00000000   Code   RO          367    .ARM.Collect$$rtentry$$0000000C  c_w.l(__rtentry2.o)
    0x08000258   0x08000258   0x00000008   Code   RO          368    .ARM.Collect$$rtentry$$0000000D  c_w.l(__rtentry2.o)
    0x08000260   0x08000260   0x00000002   Code   RO          547    .ARM.Collect$$rtexit$$00000000  c_w.l(rtexit.o)
    0x08000262   0x08000262   0x00000000   Code   RO          603    .ARM.Collect$$rtexit$$00000002  c_w.l(rtexit2.o)
    0x08000262   0x08000262   0x00000004   Code   RO          604    .ARM.Collect$$rtexit$$00000003  c_w.l(rtexit2.o)
    0x08000266   0x08000266   0x00000006   Code   RO          605    .ARM.Collect$$rtexit$$00000004  c_w.l(rtexit2.o)
    0x0800026c   0x0800026c   0x00000068   Code   RO            4    .emb_text           app.o
    0x080002d4   0x080002d4   0x00000000   Code   RO          609    .emb_text           c_w.l(maybetermalloc1.o)
    0x080002d4   0x080002d4   0x00000040   Code   RO          270    .text               startup_stm32f479xx.o
    0x08000314   0x08000314   0x00000018   Code   RO          315    .text               c_w.l(noretval__2printf.o)
    0x0800032c   0x0800032c   0x00000068   Code   RO          317    .text               c_w.l(__printf.o)
    0x08000394   0x08000394   0x00000078   Code   RO          319    .text               c_w.l(_printf_dec.o)
    0x0800040c   0x0800040c   0x00000080   Code   RO          343    .text               c_w.l(strcmpv7m.o)
    0x0800048c   0x0800048c   0x00000006   Code   RO          345    .text               c_w.l(heapauxi.o)
    0x08000492   0x08000492   0x000000b2   Code   RO          350    .text               c_w.l(_printf_intcommon.o)
    0x08000544   0x08000544   0x00000024   Code   RO          352    .text               c_w.l(_printf_char_file.o)
    0x08000568   0x08000568   0x00000030   Code   RO          376    .text               c_w.l(_printf_char_common.o)
    0x08000598   0x08000598   0x00000008   Code   RO          378    .text               c_w.l(ferror.o)
    0x080005a0   0x080005a0   0x00000138   Code   RO          384    .text               c_w.l(initio.o)
    0x080006d8   0x080006d8   0x0000004a   Code   RO          394    .text               c_w.l(sys_stackheap_outer.o)
    0x08000722   0x08000722   0x0000004e   Code   RO          398    .text               c_w.l(h1_free.o)
    0x08000770   0x08000770   0x000001d6   Code   RO          454    .text               c_w.l(flsbuf.o)
    0x08000946   0x08000946   0x00000046   Code   RO          456    .text               c_w.l(setvbuf.o)
    0x0800098c   0x0800098c   0x000000ec   Code   RO          459    .text               c_w.l(fopen.o)
    0x08000a78   0x08000a78   0x0000004c   Code   RO          461    .text               c_w.l(fclose.o)
    0x08000ac4   0x08000ac4   0x00000012   Code   RO          467    .text               c_w.l(exit.o)
    0x08000ad6   0x08000ad6   0x0000000e   Code   RO          469    .text               c_w.l(defsig_rtred_outer.o)
    0x08000ae4   0x08000ae4   0x0000004e   Code   RO          473    .text               c_w.l(rt_memclr_w.o)
    0x08000b32   0x08000b32   0x00000002   PAD
    0x08000b34   0x08000b34   0x00000008   Code   RO          544    .text               c_w.l(libspace.o)
    0x08000b3c   0x08000b3c   0x00000008   Code   RO          554    .text               c_w.l(rt_heap_descriptor_intlibspace.o)
    0x08000b44   0x08000b44   0x00000004   Code   RO          556    .text               c_w.l(hguard.o)
    0x08000b48   0x08000b48   0x0000008a   Code   RO          558    .text               c_w.l(init_alloc.o)
    0x08000bd2   0x08000bd2   0x0000005e   Code   RO          564    .text               c_w.l(h1_alloc.o)
    0x08000c30   0x08000c30   0x000000f8   Code   RO          580    .text               c_w.l(fseek.o)
    0x08000d28   0x08000d28   0x000000f0   Code   RO          582    .text               c_w.l(stdio.o)
    0x08000e18   0x08000e18   0x0000000a   Code   RO          588    .text               c_w.l(defsig_exit.o)
    0x08000e22   0x08000e22   0x00000002   PAD
    0x08000e24   0x08000e24   0x00000034   Code   RO          590    .text               c_w.l(defsig_rtred_inner.o)
    0x08000e58   0x08000e58   0x0000000c   Code   RO          600    .text               c_w.l(sys_exit.o)
    0x08000e64   0x08000e64   0x0000000e   Code   RO          611    .text               c_w.l(h1_init.o)
    0x08000e72   0x08000e72   0x00000034   Code   RO          613    .text               c_w.l(h1_extend.o)
    0x08000ea6   0x08000ea6   0x00000042   Code   RO          623    .text               c_w.l(ftell.o)
    0x08000ee8   0x08000ee8   0x00000032   Code   RO          631    .text               c_w.l(defsig_general.o)
    0x08000f1a   0x08000f1a   0x0000000e   Code   RO          633    .text               c_w.l(defsig_rtmem_outer.o)
    0x08000f28   0x08000f28   0x0000000e   Code   RO          648    .text               c_w.l(sys_wrch.o)
    0x08000f36   0x08000f36   0x00000002   Code   RO          652    .text               c_w.l(use_no_semi.o)
    0x08000f38   0x08000f38   0x00000000   Code   RO          654    .text               c_w.l(indicate_semi.o)
    0x08000f38   0x08000f38   0x00000008   Code   RO          658    .text               c_w.l(rt_errno_addr_intlibspace.o)
    0x08000f40   0x08000f40   0x00000050   Code   RO          664    .text               c_w.l(defsig_rtmem_inner.o)
    0x08000f90   0x08000f90   0x00000028   Code   RO            5    i.Find_Smallest     app.o
    0x08000fb8   0x08000fb8   0x00000030   Code   RO          170    i.ITM_SendChar      retarget_io.o
    0x08000fe8   0x08000fe8   0x00000094   Code   RO            6    i.OS_Task_Init      app.o
    0x0800107c   0x0800107c   0x00000038   Code   RO            7    i.SVC_Handler_main  app.o
    0x080010b4   0x080010b4   0x000000d4   Code   RO            8    i.SysTick_Handler   app.o
    0x08001188   0x08001188   0x00000064   Code   RO          278    i.SystemInit        system_stm32f4xx.o
    0x080011ec   0x080011ec   0x00000088   Code   RO            9    i.Task_Init         app.o
    0x08001274   0x08001274   0x00000070   Code   RO           10    i.Update_Arrival    app.o
    0x080012e4   0x080012e4   0x00000028   Code   RO           11    i.__NVIC_SetPriority  app.o
    0x0800130c   0x0800130c   0x00000026   Code   RO          171    i._sys_close        retarget_io.o
    0x08001332   0x08001332   0x00000024   Code   RO          172    i._sys_flen         retarget_io.o
    0x08001356   0x08001356   0x00000024   Code   RO          173    i._sys_istty        retarget_io.o
    0x0800137a   0x0800137a   0x00000002   PAD
    0x0800137c   0x0800137c   0x00000068   Code   RO          174    i._sys_open         retarget_io.o
    0x080013e4   0x080013e4   0x0000002c   Code   RO          176    i._sys_seek         retarget_io.o
    0x08001410   0x08001410   0x00000058   Code   RO          177    i._sys_write        retarget_io.o
    0x08001468   0x08001468   0x0000001a   Code   RO          381    i.fputc             c_w.l(fputc.o)
    0x08001482   0x08001482   0x00000002   PAD
    0x08001484   0x08001484   0x00000074   Code   RO           12    i.initializeValues  app.o
    0x080014f8   0x080014f8   0x0000000a   Code   RO          137    i.main              app_main.o
    0x08001502   0x08001502   0x00000002   PAD
    0x08001504   0x08001504   0x00000128   Code   RO           13    i.scheduler         app.o
    0x0800162c   0x0800162c   0x0000000c   Code   RO          178    i.stderr_putchar    retarget_io.o
    0x08001638   0x08001638   0x0000000c   Code   RO          180    i.stdout_putchar    retarget_io.o
    0x08001644   0x08001644   0x00000014   Code   RO           14    i.task0             app.o
    0x08001658   0x08001658   0x00000014   Code   RO           15    i.task1             app.o
    0x0800166c   0x0800166c   0x00000014   Code   RO           16    i.task2             app.o
    0x08001680   0x08001680   0x0000000a   Code   RO          598    x$fpl$fpinit        fz_wm.l(fpinit.o)
    0x0800168a   0x0800168a   0x00000017   Data   RO          181    .constdata          retarget_io.o
    0x080016a1   0x080016a1   0x00000003   PAD
    0x080016a4   0x080016a4   0x00000020   Data   RO          689    Region$$Table       anon$$obj.o


    Execution Region RW_IRAM1 (Exec base: 0x20000000, Load base: 0x080016c4, Size: 0x00000ae0, Max: 0x00050000, ABSOLUTE)

    Exec Addr    Load Addr    Size         Type   Attr      Idx    E Section Name        Object

    0x20000000   0x080016c4   0x00000018   Data   RW           18    .data               app.o
    0x20000018   0x080016dc   0x00000004   Data   RW          358    .data               c_w.l(stdio_streams.o)
    0x2000001c   0x080016e0   0x00000004   Data   RW          359    .data               c_w.l(stdio_streams.o)
    0x20000020   0x080016e4   0x00000004   Data   RW          360    .data               c_w.l(stdio_streams.o)
    0x20000024        -       0x00000360   Zero   RW           17    .bss                app.o
    0x20000384        -       0x00000054   Zero   RW          355    .bss                c_w.l(stdio_streams.o)
    0x200003d8        -       0x00000054   Zero   RW          356    .bss                c_w.l(stdio_streams.o)
    0x2000042c        -       0x00000054   Zero   RW          357    .bss                c_w.l(stdio_streams.o)
    0x20000480        -       0x00000060   Zero   RW          545    .bss                c_w.l(libspace.o)
    0x200004e0        -       0x00000200   Zero   RW          268    HEAP                startup_stm32f479xx.o
    0x200006e0        -       0x00000400   Zero   RW          267    STACK               startup_stm32f479xx.o


==============================================================================

Image component sizes


      Code (inc. data)   RO Data    RW Data    ZI Data      Debug   Object Name

      1320        272          0         24        864     793292   app.o
        10          0          0          0          0        467   app_main.o
       418         30         23          0          0       7854   retarget_io.o
        64         26        436          0       1536        864   startup_stm32f479xx.o
       100         18          0          0          0        525   system_stm32f4xx.o

    ----------------------------------------------------------------------
      1916        346        494         24       2400     803002   Object Totals
         0          0         32          0          0          0   (incl. Generated)
         4          0          3          0          0          0   (incl. Padding)

    ----------------------------------------------------------------------

      Code (inc. data)   RO Data    RW Data    ZI Data      Debug   Library Member Name

         8          0          0          0          0         68   __main.o
       104          0          0          0          0         84   __printf.o
         0          0          0          0          0          0   __rtentry.o
        12          0          0          0          0          0   __rtentry2.o
         6          0          0          0          0          0   __rtentry4.o
        52          8          0          0          0          0   __scatter.o
        26          0          0          0          0          0   __scatter_copy.o
        28          0          0          0          0          0   __scatter_zi.o
        48          6          0          0          0         96   _printf_char_common.o
        36          4          0          0          0         80   _printf_char_file.o
         6          0          0          0          0          0   _printf_d.o
       120         16          0          0          0         92   _printf_dec.o
       178          0          0          0          0         88   _printf_intcommon.o
         0          0          0          0          0          0   _printf_percent.o
         4          0          0          0          0          0   _printf_percent_end.o
        10          0          0          0          0         68   defsig_exit.o
        50          0          0          0          0         88   defsig_general.o
        80         58          0          0          0         76   defsig_rtmem_inner.o
        14          0          0          0          0         80   defsig_rtmem_outer.o
        52         38          0          0          0         76   defsig_rtred_inner.o
        14          0          0          0          0         80   defsig_rtred_outer.o
        18          0          0          0          0         80   exit.o
        76          0          0          0          0         88   fclose.o
         8          0          0          0          0         68   ferror.o
       470          0          0          0          0         88   flsbuf.o
       236          4          0          0          0        128   fopen.o
        26          0          0          0          0         68   fputc.o
       248          6          0          0          0         84   fseek.o
        66          0          0          0          0         76   ftell.o
        94          0          0          0          0         80   h1_alloc.o
        52          0          0          0          0         68   h1_extend.o
        78          0          0          0          0         80   h1_free.o
        14          0          0          0          0         84   h1_init.o
         6          0          0          0          0        152   heapauxi.o
         4          0          0          0          0        136   hguard.o
         0          0          0          0          0          0   indicate_semi.o
       138          0          0          0          0        168   init_alloc.o
       312         46          0          0          0        112   initio.o
         2          0          0          0          0          0   libinit.o
        18          0          0          0          0          0   libinit2.o
         2          0          0          0          0          0   libshutdown.o
         6          0          0          0          0          0   libshutdown2.o
         8          4          0          0         96         68   libspace.o
         0          0          0          0          0          0   maybetermalloc1.o
        24          4          0          0          0         84   noretval__2printf.o
         8          4          0          0          0         68   rt_errno_addr_intlibspace.o
         8          4          0          0          0         68   rt_heap_descriptor_intlibspace.o
        78          0          0          0          0         80   rt_memclr_w.o
         2          0          0          0          0          0   rtexit.o
        10          0          0          0          0          0   rtexit2.o
        70          0          0          0          0         80   setvbuf.o
       240          6          0          0          0        156   stdio.o
         0          0          0         12        252          0   stdio_streams.o
       128          0          0          0          0         68   strcmpv7m.o
        12          4          0          0          0         68   sys_exit.o
        74          0          0          0          0         80   sys_stackheap_outer.o
        14          0          0          0          0         76   sys_wrch.o
         2          0          0          0          0         68   use_no_semi.o
        10          0          0          0          0        116   fpinit.o

    ----------------------------------------------------------------------
      3418        212          0         12        348       3616   Library Totals
         8          0          0          0          0          0   (incl. Padding)

    ----------------------------------------------------------------------

      Code (inc. data)   RO Data    RW Data    ZI Data      Debug   Library Name

      3400        212          0         12        348       3500   c_w.l
        10          0          0          0          0        116   fz_wm.l

    ----------------------------------------------------------------------
      3418        212          0         12        348       3616   Library Totals

    ----------------------------------------------------------------------

==============================================================================


      Code (inc. data)   RO Data    RW Data    ZI Data      Debug   

      5334        558        494         36       2748     802694   Grand Totals
      5334        558        494         36       2748     802694   ELF Image Totals
      5334        558        494         36          0          0   ROM Totals

==============================================================================

    Total RO  Size (Code + RO Data)                 5828 (   5.69kB)
    Total RW  Size (RW Data + ZI Data)              2784 (   2.72kB)
    Total ROM Size (Code + RO Data + RW Data)       5864 (   5.73kB)

==============================================================================

